
Allocating common symbols
Common symbol       size              file

g_task_own_fpu      0x4               task.o
g_startup_time      0x4               machdep.o
task0               0x4               task.o
g_task_running      0x4               task.o
g_resched           0x4               task.o
g_intr_vector       0x40              startup.o
g_ram_zone          0x40              startup.o
g_volinfo           0x34              startup.o
g_task_head         0x4               machdep.o
g_load_avg          0x4               ide.o

Memory Configuration

Name             Origin             Length             Attributes
*default*        0x00000000         0xffffffff

Linker script and memory map

                0x00400000                __image_base__ = 0x400000
                0x00000000                __dll__ = 0x0
                0x00400000                ___ImageBase = 0x400000
                0x00001000                __section_alignment__ = 0x1000
                0x00000200                __file_alignment__ = 0x200
                0x00000004                __major_os_version__ = 0x4
                0x00000000                __minor_os_version__ = 0x0
                0x00000001                __major_image_version__ = 0x1
                0x00000000                __minor_image_version__ = 0x0
                0x00000004                __major_subsystem_version__ = 0x4
                0x00000000                __minor_subsystem_version__ = 0x0
                0x00000003                __subsystem__ = 0x3
                0x00200000                __size_of_stack_reserve__ = 0x200000
                0x00001000                __size_of_stack_commit__ = 0x1000
                0x00100000                __size_of_heap_reserve__ = 0x100000
                0x00001000                __size_of_heap_commit__ = 0x1000
                0x00000000                __loader_flags__ = 0x0
                0x00000000                __dll_characteristics__ = 0x0
LOAD entry.o
LOAD ide.o
LOAD floppy.o
LOAD pci.o
LOAD vm86.o
LOAD kbd.o
LOAD timer.o
LOAD machdep.o
LOAD task.o
LOAD mktime.o
LOAD sem.o
LOAD page.o
LOAD startup.o
LOAD frame.o
LOAD kmalloc.o
LOAD dosfs.o
LOAD pe.o
LOAD elf.o
LOAD printk.o
LOAD bitmap.o
LOAD ../lib/softfloat.o
LOAD ../lib/string.o
LOAD ../lib/memcpy.o
LOAD ../lib/memset.o
LOAD ../lib/snprintf.o
LOAD ../lib/tlsf/tlsf.o
                0xc0100000                . = 0xc0100000

.text           0xc0100000     0x9e00
 *(.text)
 .text          0xc0100000      0x974 entry.o
                0xc0100000                entry
                0xc0100036                exception_divide_error
                0xc010003c                exception_debug
                0xc0100042                exception_nmi
                0xc0100048                exception_breakpoint
                0xc010004e                exception_overflow
                0xc0100054                exception_bounds_check
                0xc010005a                exception_inval_opcode
                0xc0100060                exception_copr_not_avail
                0xc0100066                exception_double_fault
                0xc010006a                exception_copr_seg_overrun
                0xc0100070                exception_inval_tss
                0xc0100074                exception_segment_not_present
                0xc0100078                exception_stack_fault
                0xc010007c                exception_general_protection
                0xc0100080                exception_page_fault
                0xc0100084                exception_intel_reserved
                0xc010008a                exception_copr_error
                0xc0100090                exception_alignment_check
                0xc0100094                exception_machine_check
                0xc010009a                exception_simd_fp
                0xc0100129                int0x82_syscall
                0xc0100185                ret_from_syscall
                0xc01001bf                hwint00
                0xc0100234                hwint01
                0xc01002a9                hwint02
                0xc010031e                hwint03
                0xc0100393                hwint04
                0xc0100408                hwint05
                0xc010047d                hwint06
                0xc01004f2                hwint07
                0xc0100567                hwint08
                0xc01005de                hwint09
                0xc0100655                hwint10
                0xc01006cc                hwint11
                0xc0100743                hwint12
                0xc01007ba                hwint13
                0xc0100831                hwint14
                0xc01008a8                hwint15
                0xc010091f                lgdt
                0xc0100945                lidt
                0xc010094d                sys_vm86
 .text          0xc0100974      0x20c ide.o
                0xc01009ac                ide_init
                0xc0100a00                ide_read_sector
                0xc0100ad8                ide_write_sector
 .text          0xc0100b80        0x0 floppy.o
 .text          0xc0100b80      0x2fc pci.o
                0xc0100da0                pci_get_bar_addr
                0xc0100dc4                pci_get_bar_size
                0xc0100e2c                pci_get_intr_line
                0xc0100e48                pci_init
 .text          0xc0100e7c      0xba0 vm86.o
                0xc0100e7c                vm86_init
                0xc0100f38                vm86_emulate
                0xc01018d8                vm86_call
 .text          0xc0101a1c      0x2c8 kbd.o
                0xc0101a1c                isr_keyboard
                0xc0101cc0                sys_getchar
 .text          0xc0101ce4      0x404 timer.o
                0xc0101d60                isr_timer
                0xc0101f44                calibrate_delay
                0xc0102050                sys_sleep
                0xc0102068                sys_nanosleep
 .text          0xc01020e8     0x1800 machdep.o
                0xc01020e8                enable_irq
                0xc0102120                disable_irq
                0xc0102158                switch_to
                0xc0102184                sys_putchar
                0xc01022b0                sys_beep
                0xc01022f0                sys_getpriority
                0xc0102330                sys_setpriority
                0xc010238c                syscall
                0xc0102850                sys_time
                0xc0102868                do_page_fault
                0xc0102900                exception
                0xc0102dfc                cstart
 .text          0xc01038e8      0x574 task.o
                0xc01038e8                schedule
                0xc01039d0                sleep_on
                0xc0103a38                wake_up
                0xc0103a60                sys_task_create
                0xc0103ce4                sys_task_exit
                0xc0103d34                sys_task_wait
                0xc0103de4                sys_task_getid
                0xc0103df8                sys_task_yield
                0xc0103e0c                init_task
 .text          0xc0103e5c       0xa0 mktime.o
                0xc0103e5c                mktime
 .text          0xc0103efc       0x20 sem.o
                0xc0103efc                sys_sem_create
                0xc0103f04                sys_sem_destroy
                0xc0103f0c                sys_sem_wait
                0xc0103f14                sys_sem_signal
 .text          0xc0103f1c      0x3c0 page.o
                0xc0103f1c                init_vmspace
                0xc0103f60                page_alloc_in_addr
                0xc0104078                page_alloc
                0xc0104198                page_free
                0xc010422c                page_prot
                0xc0104270                page_map
                0xc01042ac                page_unmap
 .text          0xc01042dc      0x2f0 startup.o
                0xc01042dc                isr_default
                0xc01042e0                DFS_ReadSector
                0xc010432c                DFS_WriteSector
                0xc0104378                start_user_task
                0xc0104508                mi_startup
 .text          0xc01045cc      0x2b8 frame.o
                0xc01045cc                init_frame
                0xc01046e4                frame_alloc_in_addr
                0xc010477c                frame_alloc
                0xc0104818                frame_free
 .text          0xc0104884       0xc0 kmalloc.o
                0xc0104884                kmalloc
                0xc01048a8                krealloc
                0xc01048d4                kfree
                0xc01048f8                kmemalign
                0xc0104924                init_kmalloc
 .text          0xc0104944     0x2024 dosfs.o
                0xc0104944                ldiv
                0xc0104960                div
                0xc010497c                DFS_GetPtnStart
                0xc0104a58                DFS_GetVolInfo
                0xc0104c14                DFS_GetFAT
                0xc0104e34                DFS_SetFAT
                0xc0105220                DFS_CanonicalToDir
                0xc0105294                DFS_GetFreeFAT
                0xc01052f4                DFS_GetNext
                0xc0105488                DFS_OpenDir
                0xc0105704                DFS_GetFreeDirEnt
                0xc0105884                DFS_OpenFile
                0xc0105d30                DFS_ReadFile
                0xc010608c                DFS_Seek
                0xc010626c                DFS_UnlinkFile
                0xc0106390                DFS_WriteFile
                0xc0106964                DFS_Close
 .text          0xc0106968      0x360 pe.o
                0xc0106968                load_aout
 .text          0xc0106cc8        0x0 elf.o
 .text          0xc0106cc8       0x58 printk.o
                0xc0106cc8                printk
 .text          0xc0106d20      0x464 bitmap.o
                0xc0106d20                bitmap_buf_size
                0xc0106d34                bitmap_size
                0xc0106d3c                bitmap_set
                0xc0106d6c                bitmap_mark
                0xc0106d8c                bitmap_reset
                0xc0106dac                bitmap_flip
                0xc0106dcc                bitmap_test
                0xc0106df0                bitmap_set_multiple
                0xc0106e30                bitmap_set_all
                0xc0106e5c                bitmap_create_in_buf
                0xc0106e88                bitmap_count
                0xc0106ed8                bitmap_contains
                0xc0106f4c                bitmap_any
                0xc0106fac                bitmap_none
                0xc0107008                bitmap_all
                0xc0107064                bitmap_scan
                0xc0107128                bitmap_scan_and_flip
 .text          0xc0107184      0x224 ../lib/softfloat.o
                0xc0107184                __udivmoddi4
                0xc010723c                __divdi3
                0xc01072a4                __moddi3
                0xc0107328                __udivdi3
                0xc010735c                __umoddi3
 .text          0xc01073a8      0x358 ../lib/string.o
                0xc01073a8                memcmp
                0xc01073d0                memmove
                0xc0107420                memchr
                0xc0107448                strcat
                0xc010746c                strcmp
                0xc0107498                strncmp
                0xc01074e4                strchr
                0xc0107508                strrchr
                0xc010752c                strstr
                0xc01075cc                strcpy
                0xc01075ec                strlen
                0xc0107604                strncpy
                0xc0107648                strcasecmp
                0xc0107690                strncasecmp
 .text          0xc0107700      0x530 ../lib/memcpy.o
                0xc0107700                memcpy
 .text          0xc0107c30       0x9c ../lib/memset.o
                0xc0107c30                memset
 .text          0xc0107ccc     0x1680 ../lib/snprintf.o
                0xc0108c30                vsnprintf
                0xc0109320                snprintf
 .text          0xc010934c      0x9b4 ../lib/tlsf/tlsf.o
                0xc01096c8                tlsf_check
                0xc01097cc                tlsf_walk_pool
                0xc0109838                tlsf_block_size
                0xc010984c                tlsf_check_pool
                0xc0109884                tlsf_size
                0xc010988c                tlsf_align_size
                0xc0109894                tlsf_block_size_min
                0xc010989c                tlsf_block_size_max
                0xc01098a4                tlsf_pool_overhead
                0xc01098ac                tlsf_alloc_overhead
                0xc01098b4                tlsf_add_pool
                0xc0109904                tlsf_remove_pool
                0xc010994c                tlsf_create
                0xc0109998                tlsf_create_with_pool
                0xc0109a14                tlsf_destroy
                0xc0109a18                tlsf_get_pool
                0xc0109a24                tlsf_malloc
                0xc0109a50                tlsf_memalign
                0xc0109b30                tlsf_free
                0xc0109ba4                tlsf_realloc
                0xc0109d00                . = ALIGN (0x4)

.rodata
 *(.rodata)

.rdata          0xc0109d00     0x1400
 *(.rdata)
 .rdata         0xc0109d00       0x3c ide.o
 .rdata         0xc0109d3c      0x26c vm86.o
 *fill*         0xc0109fa8       0x18 
 .rdata         0xc0109fc0      0x5a0 kbd.o
 .rdata         0xc010a560       0x44 timer.o
 .rdata         0xc010a5a4      0x390 machdep.o
 *fill*         0xc010a934        0xc 
 .rdata         0xc010a940       0x40 mktime.o
 .rdata         0xc010a980      0x144 startup.o
 .rdata         0xc010aac4       0x24 frame.o
 .rdata         0xc010aae8       0x8c pe.o
 *fill*         0xc010ab74        0xc 
 .rdata         0xc010ab80      0x100 ../lib/string.o
 .rdata         0xc010ac80       0x20 ../lib/memcpy.o
 .rdata         0xc010aca0      0x328 ../lib/snprintf.o

.eh_frame       0xc010b000     0x2200
 .eh_frame      0xc010b000       0xe0 ide.o
 .eh_frame      0xc010b0e0      0x178 pci.o
 .eh_frame      0xc010b258       0xc8 vm86.o
 .eh_frame      0xc010b320       0x4c kbd.o
 .eh_frame      0xc010b36c      0x118 timer.o
 .eh_frame      0xc010b484      0x284 machdep.o
 .eh_frame      0xc010b708      0x1a4 task.o
 .eh_frame      0xc010b8ac       0x40 mktime.o
 .eh_frame      0xc010b8ec       0x68 sem.o
 .eh_frame      0xc010b954      0x184 page.o
 .eh_frame      0xc010bad8       0xe0 startup.o
 .eh_frame      0xc010bbb8      0x120 frame.o
 .eh_frame      0xc010bcd8       0xb0 kmalloc.o
 .eh_frame      0xc010bd88      0x4d8 dosfs.o
 .eh_frame      0xc010c260       0x70 pe.o
 .eh_frame      0xc010c2d0       0x4c printk.o
 .eh_frame      0xc010c31c      0x310 bitmap.o
 .eh_frame      0xc010c62c      0x108 ../lib/softfloat.o
 .eh_frame      0xc010c734      0x268 ../lib/string.o
 .eh_frame      0xc010c99c       0x70 ../lib/memcpy.o
 .eh_frame      0xc010ca0c       0x64 ../lib/memset.o
 .eh_frame      0xc010ca70      0x130 ../lib/snprintf.o
 .eh_frame      0xc010cba0      0x4f4 ../lib/tlsf/tlsf.o

.data           0xc010d0a0     0x2200
 *(.data)
 .data          0xc010d0a0     0x2000 entry.o
                0xc010f0a0                tmp_stack
 .data          0xc010f0a0        0x0 ide.o
 .data          0xc010f0a0        0x0 floppy.o
 .data          0xc010f0a0        0x0 pci.o
 .data          0xc010f0a0        0x0 vm86.o
 .data          0xc010f0a0        0x0 kbd.o
 .data          0xc010f0a0        0x0 timer.o
 .data          0xc010f0a0       0x40 machdep.o
 .data          0xc010f0e0        0x0 task.o
 .data          0xc010f0e0        0x0 mktime.o
 .data          0xc010f0e0        0x0 sem.o
 .data          0xc010f0e0        0x0 page.o
 .data          0xc010f0e0        0x8 startup.o
                0xc010f0e0                PTD
                0xc010f0e4                PT
 .data          0xc010f0e8        0x0 frame.o
 .data          0xc010f0e8        0x0 kmalloc.o
 .data          0xc010f0e8        0x0 dosfs.o
 .data          0xc010f0e8        0x0 pe.o
 .data          0xc010f0e8        0x0 elf.o
 .data          0xc010f0e8        0x0 printk.o
 .data          0xc010f0e8        0x0 bitmap.o
 .data          0xc010f0e8        0x0 ../lib/softfloat.o
 .data          0xc010f0e8        0x0 ../lib/string.o
 .data          0xc010f0e8        0x0 ../lib/memcpy.o
 .data          0xc010f0e8        0x0 ../lib/memset.o
 .data          0xc010f0e8        0x0 ../lib/snprintf.o
 .data          0xc010f0e8        0x0 ../lib/tlsf/tlsf.o

.drectve        0xc0110000      0x400
 .drectve       0xc0110000       0x1c ide.o
 .drectve       0xc011001c       0x1c pci.o
 .drectve       0xc0110038       0x1c vm86.o
 .drectve       0xc0110054       0x1c kbd.o
 .drectve       0xc0110070       0x1c timer.o
 .drectve       0xc011008c       0x58 machdep.o
 .drectve       0xc01100e4       0xa8 task.o
 .drectve       0xc011018c       0x1c sem.o
 .drectve       0xc01101a8       0x1c page.o
 .drectve       0xc01101c4       0x70 startup.o
 .drectve       0xc0110234       0x1c frame.o
 .drectve       0xc0110250       0x1c pe.o
 .drectve       0xc011026c       0x1c printk.o
                0xc0110288                . = ALIGN (0x4)
                0xc0110288                _edata = .

.bss            0xc01102a0     0x16b4
 *(.bss)
 .bss           0xc01102a0        0x0 entry.o
 .bss           0xc01102a0        0x0 ide.o
 .bss           0xc01102a0        0x0 floppy.o
 .bss           0xc01102a0     0x1060 pci.o
 .bss           0xc0111300        0x0 vm86.o
 .bss           0xc0111300       0x40 kbd.o
 .bss           0xc0111340        0x8 timer.o
                0xc0111340                g_timer_ticks
 *fill*         0xc0111348       0x18 
 .bss           0xc0111360      0x4a0 machdep.o
 .bss           0xc0111800        0x4 task.o
 .bss           0xc0111804        0x0 mktime.o
 .bss           0xc0111804        0x0 sem.o
 .bss           0xc0111804       0x18 page.o
 .bss           0xc011181c        0x0 startup.o
 *fill*         0xc011181c        0x4 
 .bss           0xc0111820       0x60 frame.o
 .bss           0xc0111880        0x4 kmalloc.o
 .bss           0xc0111884        0x0 dosfs.o
 .bss           0xc0111884        0x0 pe.o
 .bss           0xc0111884        0x0 elf.o
 .bss           0xc0111884        0x0 printk.o
 .bss           0xc0111884        0x0 bitmap.o
 .bss           0xc0111884        0x0 ../lib/softfloat.o
 .bss           0xc0111884        0x0 ../lib/string.o
 .bss           0xc0111884        0x0 ../lib/memcpy.o
 .bss           0xc0111884        0x0 ../lib/memset.o
 .bss           0xc0111884        0x0 ../lib/snprintf.o
 .bss           0xc0111884        0x0 ../lib/tlsf/tlsf.o
 *(COMMON)
 COMMON         0xc0111884        0x4 ide.o
                0xc0111884                g_load_avg
 COMMON         0xc0111888        0x8 machdep.o
                0xc0111888                g_startup_time
                0xc011188c                g_task_head
 COMMON         0xc0111890       0x10 task.o
                0xc0111890                g_task_own_fpu
                0xc0111894                task0
                0xc0111898                g_task_running
                0xc011189c                g_resched
 COMMON         0xc01118a0       0xb4 startup.o
                0xc01118a0                g_intr_vector
                0xc01118e0                g_ram_zone
                0xc0111920                g_volinfo
                0xc0111954                . = ALIGN (0x4)
                0xc0111954                _end = .
OUTPUT(eposkrnl.out pei-i386)

.debug_info     0x00000000    0x12e00
 .debug_info    0x00000000      0xeb0 ide.o
 .debug_info    0x00000eb0      0x953 pci.o
 .debug_info    0x00001803      0xc5f vm86.o
 .debug_info    0x00002462      0x754 kbd.o
 .debug_info    0x00002bb6      0x9a2 timer.o
 .debug_info    0x00003558     0x3a1b machdep.o
 .debug_info    0x00006f73      0x9cf task.o
 .debug_info    0x00007942      0x1ea mktime.o
 .debug_info    0x00007b2c      0x211 sem.o
 .debug_info    0x00007d3d      0x58f page.o
 .debug_info    0x000082cc      0xe69 startup.o
 .debug_info    0x00009135      0x62e frame.o
 .debug_info    0x00009763      0x3ef kmalloc.o
 .debug_info    0x00009b52     0x26df dosfs.o
 .debug_info    0x0000c231     0x1172 pe.o
 .debug_info    0x0000d3a3      0x276 printk.o
 .debug_info    0x0000d619      0xdb9 bitmap.o
 .debug_info    0x0000e3d2      0x36f ../lib/softfloat.o
 .debug_info    0x0000e741      0x6c0 ../lib/string.o
 .debug_info    0x0000ee01      0x2ea ../lib/memcpy.o
 .debug_info    0x0000f0eb      0x1a4 ../lib/memset.o
 .debug_info    0x0000f28f      0xeb8 ../lib/snprintf.o
 .debug_info    0x00010147     0x2c91 ../lib/tlsf/tlsf.o

.debug_abbrev   0x00000000     0x2e00
 .debug_abbrev  0x00000000      0x1bf ide.o
 .debug_abbrev  0x000001bf      0x22f pci.o
 .debug_abbrev  0x000003ee      0x264 vm86.o
 .debug_abbrev  0x00000652      0x1a8 kbd.o
 .debug_abbrev  0x000007fa      0x241 timer.o
 .debug_abbrev  0x00000a3b      0x4b9 machdep.o
 .debug_abbrev  0x00000ef4      0x343 task.o
 .debug_abbrev  0x00001237       0xb5 mktime.o
 .debug_abbrev  0x000012ec       0x68 sem.o
 .debug_abbrev  0x00001354      0x1d6 page.o
 .debug_abbrev  0x0000152a      0x217 startup.o
 .debug_abbrev  0x00001741      0x18b frame.o
 .debug_abbrev  0x000018cc       0xfe kmalloc.o
 .debug_abbrev  0x000019ca      0x33f dosfs.o
 .debug_abbrev  0x00001d09      0x1f3 pe.o
 .debug_abbrev  0x00001efc      0x10b printk.o
 .debug_abbrev  0x00002007      0x2e7 bitmap.o
 .debug_abbrev  0x000022ee      0x131 ../lib/softfloat.o
 .debug_abbrev  0x0000241f      0x184 ../lib/string.o
 .debug_abbrev  0x000025a3       0xab ../lib/memcpy.o
 .debug_abbrev  0x0000264e       0x85 ../lib/memset.o
 .debug_abbrev  0x000026d3      0x21d ../lib/snprintf.o
 .debug_abbrev  0x000028f0      0x4b6 ../lib/tlsf/tlsf.o

.debug_loc      0x00000000    0x10200
 .debug_loc     0x00000000      0xcfc ide.o
 .debug_loc     0x00000cfc      0x470 pci.o
 .debug_loc     0x0000116c     0x124b vm86.o
 .debug_loc     0x000023b7      0x1d1 kbd.o
 .debug_loc     0x00002588      0x4a0 timer.o
 .debug_loc     0x00002a28     0x168a machdep.o
 .debug_loc     0x000040b2      0x7c2 task.o
 .debug_loc     0x00004874       0xfb mktime.o
 .debug_loc     0x0000496f      0x829 page.o
 .debug_loc     0x00005198      0x29b startup.o
 .debug_loc     0x00005433      0x43a frame.o
 .debug_loc     0x0000586d      0x188 kmalloc.o
 .debug_loc     0x000059f5     0x2d5b dosfs.o
 .debug_loc     0x00008750      0x367 pe.o
 .debug_loc     0x00008ab7       0xdf printk.o
 .debug_loc     0x00008b96      0xae5 bitmap.o
 .debug_loc     0x0000967b      0x514 ../lib/softfloat.o
 .debug_loc     0x00009b8f      0xc06 ../lib/string.o
 .debug_loc     0x0000a795      0x979 ../lib/memcpy.o
 .debug_loc     0x0000b10e      0x23e ../lib/memset.o
 .debug_loc     0x0000b34c     0x2b75 ../lib/snprintf.o
 .debug_loc     0x0000dec1     0x21a0 ../lib/tlsf/tlsf.o

.debug_aranges  0x00000000      0x400
 .debug_aranges
                0x00000000       0x20 ide.o
 .debug_aranges
                0x00000020       0x20 pci.o
 .debug_aranges
                0x00000040       0x20 vm86.o
 .debug_aranges
                0x00000060       0x20 kbd.o
 .debug_aranges
                0x00000080       0x20 timer.o
 .debug_aranges
                0x000000a0       0x20 machdep.o
 .debug_aranges
                0x000000c0       0x20 task.o
 .debug_aranges
                0x000000e0       0x20 mktime.o
 .debug_aranges
                0x00000100       0x20 sem.o
 .debug_aranges
                0x00000120       0x20 page.o
 .debug_aranges
                0x00000140       0x20 startup.o
 .debug_aranges
                0x00000160       0x20 frame.o
 .debug_aranges
                0x00000180       0x20 kmalloc.o
 .debug_aranges
                0x000001a0       0x20 dosfs.o
 .debug_aranges
                0x000001c0       0x20 pe.o
 .debug_aranges
                0x000001e0       0x20 printk.o
 .debug_aranges
                0x00000200       0x20 bitmap.o
 .debug_aranges
                0x00000220       0x20 ../lib/softfloat.o
 .debug_aranges
                0x00000240       0x20 ../lib/string.o
 .debug_aranges
                0x00000260       0x20 ../lib/memcpy.o
 .debug_aranges
                0x00000280       0x20 ../lib/memset.o
 .debug_aranges
                0x000002a0       0x20 ../lib/snprintf.o
 .debug_aranges
                0x000002c0       0x20 ../lib/tlsf/tlsf.o

.debug_line     0x00000000     0x3200
 .debug_line    0x00000000      0x1ee ide.o
 .debug_line    0x000001ee        0x0 floppy.o
 .debug_line    0x000001ee      0x105 pci.o
 .debug_line    0x000002f3      0x49b vm86.o
 .debug_line    0x0000078e       0xfa kbd.o
 .debug_line    0x00000888      0x166 timer.o
 .debug_line    0x000009ee      0x6ff machdep.o
 .debug_line    0x000010ed      0x1eb task.o
 .debug_line    0x000012d8       0x7f mktime.o
 .debug_line    0x00001357       0x6b sem.o
 .debug_line    0x000013c2      0x1b6 page.o
 .debug_line    0x00001578      0x134 startup.o
 .debug_line    0x000016ac       0xf9 frame.o
 .debug_line    0x000017a5       0x9b kmalloc.o
 .debug_line    0x00001840      0x6a4 dosfs.o
 .debug_line    0x00001ee4      0x117 pe.o
 .debug_line    0x00001ffb        0x0 elf.o
 .debug_line    0x00001ffb       0xa2 printk.o
 .debug_line    0x0000209d      0x1fb bitmap.o
 .debug_line    0x00002298       0xac ../lib/softfloat.o
 .debug_line    0x00002344      0x14e ../lib/string.o
 .debug_line    0x00002492      0x167 ../lib/memcpy.o
 .debug_line    0x000025f9       0xbf ../lib/memset.o
 .debug_line    0x000026b8      0x654 ../lib/snprintf.o
 .debug_line    0x00002d0c      0x454 ../lib/tlsf/tlsf.o

.debug_str      0x00000000      0x400
 .debug_str     0x00000000        0xf pci.o
 .debug_str     0x0000000f        0xc vm86.o
 .debug_str     0x0000001b       0x25 machdep.o
 .debug_str     0x00000040       0x19 task.o
 .debug_str     0x00000059        0xd page.o
 .debug_str     0x00000066        0x8 frame.o
 .debug_str     0x0000006e        0xc kmalloc.o
 .debug_str     0x0000007a       0xb5 dosfs.o
 .debug_str     0x0000012f       0x28 pe.o
 .debug_str     0x00000157       0x1c bitmap.o
 .debug_str     0x00000173       0x17 ../lib/memcpy.o
 .debug_str     0x0000018a       0x53 ../lib/snprintf.o
 .debug_str     0x000001dd       0x6e ../lib/tlsf/tlsf.o

.debug_ranges   0x00000000     0x1200
 .debug_ranges  0x00000000      0x280 vm86.o
 .debug_ranges  0x00000280       0x60 kbd.o
 .debug_ranges  0x000002e0       0x58 timer.o
 .debug_ranges  0x00000338      0x180 machdep.o
 .debug_ranges  0x000004b8       0xc8 task.o
 .debug_ranges  0x00000580       0x18 startup.o
 .debug_ranges  0x00000598       0x18 frame.o
 .debug_ranges  0x000005b0      0x370 dosfs.o
 .debug_ranges  0x00000920       0x20 pe.o
 .debug_ranges  0x00000940      0x2d0 bitmap.o
 .debug_ranges  0x00000c10       0x30 ../lib/softfloat.o
 .debug_ranges  0x00000c40       0x40 ../lib/string.o
 .debug_ranges  0x00000c80       0x48 ../lib/memcpy.o
 .debug_ranges  0x00000cc8      0x1b0 ../lib/snprintf.o
 .debug_ranges  0x00000e78      0x1d8 ../lib/tlsf/tlsf.o
