
Allocating common symbols
Common symbol       size              file

lists               0x3e80            main.o
g_heap              0x4               lib/malloc.o

Discarded input sections

 .drectve       0x00000000       0x18 main.o
 .drectve       0x00000000       0x18 lib/malloc.o

Memory Configuration

Name             Origin             Length             Attributes
*default*        0x00000000         0xffffffff

Linker script and memory map

                0x00400000                __image_base__ = 0x400000
                0x00000000                __dll__ = 0x0
                0x00400000                ___ImageBase = 0x400000
                0x00001000                __section_alignment__ = 0x1000
                0x00000200                __file_alignment__ = 0x200
                0x00000004                __major_os_version__ = 0x4
                0x00000000                __minor_os_version__ = 0x0
                0x00000001                __major_image_version__ = 0x1
                0x00000000                __minor_image_version__ = 0x0
                0x00000004                __major_subsystem_version__ = 0x4
                0x00000000                __minor_subsystem_version__ = 0x0
                0x00000003                __subsystem__ = 0x3
                0x00200000                __size_of_stack_reserve__ = 0x200000
                0x00001000                __size_of_stack_commit__ = 0x1000
                0x00100000                __size_of_heap_reserve__ = 0x100000
                0x00001000                __size_of_heap_commit__ = 0x1000
                0x00000000                __loader_flags__ = 0x0
                0x00000000                __dll_characteristics__ = 0x0
LOAD lib/crt0.o
LOAD lib/setjmp.o
LOAD lib/syscall-wrapper.o
LOAD vm86call.o
LOAD graphics.o
LOAD main.o
LOAD lib/sysconf.o
LOAD lib/math.o
LOAD lib/stdio.o
LOAD lib/stdlib.o
LOAD lib/qsort.o
LOAD ../lib/softfloat.o
LOAD ../lib/string.o
LOAD ../lib/memcpy.o
LOAD ../lib/memset.o
LOAD ../lib/snprintf.o
LOAD lib/malloc.o
LOAD ../lib/tlsf/tlsf.o
                0x00000380                . = SIZEOF_HEADERS
                0x00001000                . = ALIGN (__section_alignment__)

.text           0x00401000     0x5800
 *(.init)
 *(.text)
 .text          0x00401000        0x8 lib/crt0.o
                0x00401000                start
 .text          0x00401008       0x38 lib/setjmp.o
                0x00401008                setjmp
                0x00401022                longjmp
 .text          0x00401040       0x90 lib/syscall-wrapper.o
                0x00401040                task_exit
                0x00401048                task_create
                0x00401050                task_getid
                0x00401058                task_yield
                0x00401060                task_wait
                0x00401068                reboot
                0x00401070                mmap
                0x00401078                munmap
                0x00401080                sleep
                0x00401088                nanosleep
                0x00401090                beep
                0x00401098                vm86
                0x004010a0                putchar
                0x004010a8                getchar
                0x004010b0                recv
                0x004010b8                send
                0x004010c0                ioctl
                0x004010c8                time
 .text          0x004010d0      0x13c vm86call.o
                0x004010d0                vm86call
 .text          0x0040120c      0xba0 graphics.o
                0x004013e4                list_graphic_modes
                0x004015e8                init_graphic
                0x0040192c                exit_graphic
                0x00401974                setPixel
                0x00401c64                line
 .text          0x00401dac      0x75c main.o
                0x00401dac                __main
                0x00401dfc                get_color
                0x00401e34                my_sleep
                0x00401e94                draw_array
                0x00402038                bubble_sort
                0x00402128                insertion_sort
                0x004021dc                selection_sort
                0x004022fc                quick_sort
                0x004023cc                sort_thread
                0x004024f8                all_threads_done
 .text          0x00402508       0x18 lib/sysconf.o
                0x00402508                sysconf
 .text          0x00402520      0x398 lib/math.o
                0x00402520                fabs
                0x00402534                floor
                0x0040257c                ceil
                0x004025d8                sin
                0x004025e0                cos
                0x004025e8                sqrt
                0x004025f0                log2
                0x00402600                atan2
                0x00402610                tan
                0x0040261c                cot
                0x00402628                pow
                0x00402698                exp
                0x004026dc                log
                0x004026f0                atan
 .text          0x004028b8      0x18c lib/stdio.o
                0x004028b8                printf
                0x00402910                fprintf
                0x00402968                vprintf
                0x004029c0                vfprintf
                0x004029d4                vsprintf
                0x00402a00                sprintf
                0x00402a2c                fputc
 .text          0x00402a44      0x694 lib/stdlib.o
                0x00402a44                exit
                0x00402a4c                ldiv
                0x00402a68                div
                0x00402a84                rand_r
                0x00402b24                rand
                0x00402be0                srand
                0x00402bec                strtol
                0x00402e0c                strtoul
                0x00403078                atol
                0x0040309c                strdup
 .text          0x004030d8      0x840 lib/qsort.o
                0x004030d8                qsort
 .text          0x00403918      0x224 ../lib/softfloat.o
                0x00403918                __udivmoddi4
                0x004039d0                __divdi3
                0x00403a38                __moddi3
                0x00403abc                __udivdi3
                0x00403af0                __umoddi3
 .text          0x00403b3c      0x358 ../lib/string.o
                0x00403b3c                memcmp
                0x00403b64                memmove
                0x00403bb4                memchr
                0x00403bdc                strcat
                0x00403c00                strcmp
                0x00403c2c                strncmp
                0x00403c78                strchr
                0x00403c9c                strrchr
                0x00403cc0                strstr
                0x00403d60                strcpy
                0x00403d80                strlen
                0x00403d98                strncpy
                0x00403ddc                strcasecmp
                0x00403e24                strncasecmp
 .text          0x00403e94      0x530 ../lib/memcpy.o
                0x00403e94                memcpy
 .text          0x004043c4       0x9c ../lib/memset.o
                0x004043c4                memset
 .text          0x00404460     0x1680 ../lib/snprintf.o
                0x004053c4                vsnprintf
                0x00405ab4                snprintf
 .text          0x00405ae0       0xb8 lib/malloc.o
                0x00405ae0                malloc
                0x00405afc                calloc
                0x00405b34                memalign
                0x00405b58                realloc
                0x00405b7c                free
 .text          0x00405b98      0x9b4 ../lib/tlsf/tlsf.o
                0x00405f14                tlsf_check
                0x00406018                tlsf_walk_pool
                0x00406084                tlsf_block_size
                0x00406098                tlsf_check_pool
                0x004060d0                tlsf_size
                0x004060d8                tlsf_align_size
                0x004060e0                tlsf_block_size_min
                0x004060e8                tlsf_block_size_max
                0x004060f0                tlsf_pool_overhead
                0x004060f8                tlsf_alloc_overhead
                0x00406100                tlsf_add_pool
                0x00406150                tlsf_remove_pool
                0x00406198                tlsf_create
                0x004061e4                tlsf_create_with_pool
                0x00406260                tlsf_destroy
                0x00406264                tlsf_get_pool
                0x00406270                tlsf_malloc
                0x0040629c                tlsf_memalign
                0x0040637c                tlsf_free
                0x004063f0                tlsf_realloc
 *(SORT(.text$*))
 *(.text.*)
 .text.startup  0x0040654c      0x190 main.o
                0x0040654c                main
 *(.gnu.linkonce.t.*)
 *(.glue_7t)
 *(.glue_7)
                0x004066dc                ___CTOR_LIST__ = .
                0x004066dc                __CTOR_LIST__ = .
                0x004066dc        0x4 LONG 0xffffffff
 *(.ctors)
 *(.ctor)
 *(SORT(.ctors.*))
                0x004066e0        0x4 LONG 0x0
                0x004066e4                ___DTOR_LIST__ = .
                0x004066e4                __DTOR_LIST__ = .
                0x004066e4        0x4 LONG 0xffffffff
 *(.dtors)
 *(.dtor)
 *(SORT(.dtors.*))
                0x004066e8        0x4 LONG 0x0
 *(.fini)
 *(.gcc_exc)
                0x004066ec                PROVIDE (etext, .)
 *(.gcc_except_table)

.data           0x00407000      0x200
                0x00407000                __data_start__ = .
 *(.data)
 .data          0x00407000        0x0 lib/crt0.o
 .data          0x00407000        0x0 lib/setjmp.o
 .data          0x00407000        0x0 lib/syscall-wrapper.o
 .data          0x00407000        0x0 vm86call.o
 .data          0x00407000        0x4 graphics.o
 .data          0x00407004        0x4 main.o
                0x00407004                draw_interval
 .data          0x00407008        0x0 lib/sysconf.o
 .data          0x00407008        0x0 lib/math.o
 .data          0x00407008        0x0 lib/stdio.o
 .data          0x00407008        0x4 lib/stdlib.o
 .data          0x0040700c        0x0 lib/qsort.o
 .data          0x0040700c        0x0 ../lib/softfloat.o
 .data          0x0040700c        0x0 ../lib/string.o
 .data          0x0040700c        0x0 ../lib/memcpy.o
 .data          0x0040700c        0x0 ../lib/memset.o
 .data          0x0040700c        0x0 ../lib/snprintf.o
 .data          0x0040700c        0x0 lib/malloc.o
 .data          0x0040700c        0x0 ../lib/tlsf/tlsf.o
 *(.data2)
 *(SORT(.data$*))
 *(.jcr)
                0x0040700c                __data_end__ = .
 *(.data_cygwin_nocopy)

.rdata          0x00408000      0xa00
 *(.rdata)
 .rdata         0x00408000       0x2c vm86call.o
 .rdata         0x0040802c      0x260 graphics.o
 .rdata         0x0040828c       0xcc main.o
 *fill*         0x00408358        0x8 
 .rdata         0x00408360       0xe0 lib/math.o
 .rdata         0x00408440      0x100 ../lib/string.o
 .rdata         0x00408540       0x20 ../lib/memcpy.o
 .rdata         0x00408560      0x328 ../lib/snprintf.o
 *(SORT(.rdata$*))
                0x00408888                __rt_psrelocs_start = .
 *(.rdata_runtime_pseudo_reloc)
                0x00408888                __rt_psrelocs_end = .
                0x00000000                __rt_psrelocs_size = (__rt_psrelocs_end - __rt_psrelocs_start)
                0x00408888                ___RUNTIME_PSEUDO_RELOC_LIST_END__ = .
                0x00408888                __RUNTIME_PSEUDO_RELOC_LIST_END__ = .
                0x00408888                ___RUNTIME_PSEUDO_RELOC_LIST__ = (. - __rt_psrelocs_size)
                0x00408888                __RUNTIME_PSEUDO_RELOC_LIST__ = (. - __rt_psrelocs_size)

.eh_frame       0x00409000     0x1600
 *(.eh_frame*)
 .eh_frame      0x00409000       0x70 vm86call.o
 .eh_frame      0x00409070      0x1d4 graphics.o
 .eh_frame      0x00409244      0x21c main.o
 .eh_frame      0x00409460       0x2c lib/sysconf.o
 .eh_frame      0x0040948c      0x180 lib/math.o
 .eh_frame      0x0040960c      0x118 lib/stdio.o
 .eh_frame      0x00409724      0x1bc lib/stdlib.o
 .eh_frame      0x004098e0       0x70 lib/qsort.o
 .eh_frame      0x00409950      0x108 ../lib/softfloat.o
 .eh_frame      0x00409a58      0x268 ../lib/string.o
 .eh_frame      0x00409cc0       0x70 ../lib/memcpy.o
 .eh_frame      0x00409d30       0x64 ../lib/memset.o
 .eh_frame      0x00409d94      0x130 ../lib/snprintf.o
 .eh_frame      0x00409ec4       0xa4 lib/malloc.o
 .eh_frame      0x00409f68      0x4f4 ../lib/tlsf/tlsf.o

.pdata
 *(.pdata)

.bss            0x0040b000     0x41e4
                0x0040b000                __bss_start__ = .
 *(.bss)
 .bss           0x0040b000        0x0 lib/crt0.o
 .bss           0x0040b000        0x0 lib/setjmp.o
 .bss           0x0040b000        0x0 lib/syscall-wrapper.o
 .bss           0x0040b000        0x0 vm86call.o
 .bss           0x0040b000      0x340 graphics.o
                0x0040b000                g_graphic_dev
 .bss           0x0040b340        0x8 main.o
                0x0040b340                g_threads_completed
                0x0040b344                g_draw_counter
 .bss           0x0040b348        0x0 lib/sysconf.o
 .bss           0x0040b348        0x0 lib/math.o
 .bss           0x0040b348        0x0 lib/stdio.o
 .bss           0x0040b348        0x0 lib/stdlib.o
 .bss           0x0040b348        0x0 lib/qsort.o
 .bss           0x0040b348        0x0 ../lib/softfloat.o
 .bss           0x0040b348        0x0 ../lib/string.o
 .bss           0x0040b348        0x0 ../lib/memcpy.o
 .bss           0x0040b348        0x0 ../lib/memset.o
 .bss           0x0040b348        0x0 ../lib/snprintf.o
 .bss           0x0040b348        0x0 lib/malloc.o
 .bss           0x0040b348        0x0 ../lib/tlsf/tlsf.o
 *(COMMON)
 *fill*         0x0040b348       0x18 
 COMMON         0x0040b360     0x3e80 main.o
                0x0040b360                lists
 COMMON         0x0040f1e0        0x4 lib/malloc.o
                0x0040f1e0                g_heap
                0x0040f1e4                __bss_end__ = .

.edata
 *(.edata)

/DISCARD/
 *(.debug$S)
 *(.debug$T)
 *(.debug$F)
 *(.drectve)
 *(.note.GNU-stack)
 *(.gnu.lto_*)

.idata          0x00410000      0x200
 SORT(*)(.idata$2)
 SORT(*)(.idata$3)
                0x00410000        0x4 LONG 0x0
                0x00410004        0x4 LONG 0x0
                0x00410008        0x4 LONG 0x0
                0x0041000c        0x4 LONG 0x0
                0x00410010        0x4 LONG 0x0
 SORT(*)(.idata$4)
                0x00410014                __IAT_start__ = .
 SORT(*)(.idata$5)
                0x00410014                __IAT_end__ = .
 SORT(*)(.idata$6)
 SORT(*)(.idata$7)

.CRT            0x00411000        0x0
                0x00411000                ___crt_xc_start__ = .
 *(SORT(.CRT$XC*))
                0x00411000                ___crt_xc_end__ = .
                0x00411000                ___crt_xi_start__ = .
 *(SORT(.CRT$XI*))
                0x00411000                ___crt_xi_end__ = .
                0x00411000                ___crt_xl_start__ = .
 *(SORT(.CRT$XL*))
                0x00411000                ___crt_xp_start__ = .
 *(SORT(.CRT$XP*))
                0x00411000                ___crt_xp_end__ = .
                0x00411000                ___crt_xt_start__ = .
 *(SORT(.CRT$XT*))
                0x00411000                ___crt_xt_end__ = .

.tls            0x00411000        0x0
                0x00411000                ___tls_start__ = .
 *(.tls)
 *(.tls$)
 *(SORT(.tls$*))
                0x00411000                ___tls_end__ = .

.endjunk        0x00411000        0x0
                0x00411000                PROVIDE (end, .)
                0x00411000                PROVIDE (_end, .)
                0x00411000                __end__ = .

.rsrc
 *(.rsrc)
 *(SORT(.rsrc$*))

.reloc
 *(.reloc)

.stab
 *(.stab)

.stabstr
 *(.stabstr)

.debug_aranges  0x00411000      0x200
 *(.debug_aranges)
 .debug_aranges
                0x00411000       0x20 vm86call.o
 .debug_aranges
                0x00411020       0x20 graphics.o
 .debug_aranges
                0x00411040       0x28 main.o
 .debug_aranges
                0x00411068       0x20 lib/sysconf.o
 .debug_aranges
                0x00411088       0x20 lib/math.o
 .debug_aranges
                0x004110a8       0x20 lib/stdio.o
 .debug_aranges
                0x004110c8       0x20 lib/stdlib.o
 .debug_aranges
                0x004110e8       0x20 lib/qsort.o
 .debug_aranges
                0x00411108       0x20 ../lib/softfloat.o
 .debug_aranges
                0x00411128       0x20 ../lib/string.o
 .debug_aranges
                0x00411148       0x20 ../lib/memcpy.o
 .debug_aranges
                0x00411168       0x20 ../lib/memset.o
 .debug_aranges
                0x00411188       0x20 ../lib/snprintf.o
 .debug_aranges
                0x004111a8       0x20 lib/malloc.o
 .debug_aranges
                0x004111c8       0x20 ../lib/tlsf/tlsf.o

.debug_pubnames
 *(.debug_pubnames)

.debug_pubtypes
 *(.debug_pubtypes)

.debug_info     0x00412000     0x9600
 *(.debug_info .gnu.linkonce.wi.*)
 .debug_info    0x00412000      0x350 vm86call.o
 .debug_info    0x00412350     0x1308 graphics.o
 .debug_info    0x00413658      0xf63 main.o
 .debug_info    0x004145bb       0x8d lib/sysconf.o
 .debug_info    0x00414648      0x5d6 lib/math.o
 .debug_info    0x00414c1e      0x54f lib/stdio.o
 .debug_info    0x0041516d      0x7fc lib/stdlib.o
 .debug_info    0x00415969      0xe05 lib/qsort.o
 .debug_info    0x0041676e      0x370 ../lib/softfloat.o
 .debug_info    0x00416ade      0x6c1 ../lib/string.o
 .debug_info    0x0041719f      0x2eb ../lib/memcpy.o
 .debug_info    0x0041748a      0x1a5 ../lib/memset.o
 .debug_info    0x0041762f      0xeb9 ../lib/snprintf.o
 .debug_info    0x004184e8      0x337 lib/malloc.o
 .debug_info    0x0041881f     0x2c92 ../lib/tlsf/tlsf.o

.debug_abbrev   0x0041c000     0x1c00
 *(.debug_abbrev)
 .debug_abbrev  0x0041c000      0x102 vm86call.o
 .debug_abbrev  0x0041c102      0x319 graphics.o
 .debug_abbrev  0x0041c41b      0x32c main.o
 .debug_abbrev  0x0041c747       0x4a lib/sysconf.o
 .debug_abbrev  0x0041c791      0x19b lib/math.o
 .debug_abbrev  0x0041c92c      0x169 lib/stdio.o
 .debug_abbrev  0x0041ca95      0x234 lib/stdlib.o
 .debug_abbrev  0x0041ccc9      0x1c1 lib/qsort.o
 .debug_abbrev  0x0041ce8a      0x131 ../lib/softfloat.o
 .debug_abbrev  0x0041cfbb      0x184 ../lib/string.o
 .debug_abbrev  0x0041d13f       0xab ../lib/memcpy.o
 .debug_abbrev  0x0041d1ea       0x85 ../lib/memset.o
 .debug_abbrev  0x0041d26f      0x21d ../lib/snprintf.o
 .debug_abbrev  0x0041d48c       0xf8 lib/malloc.o
 .debug_abbrev  0x0041d584      0x4b6 ../lib/tlsf/tlsf.o

.debug_line     0x0041e000     0x1c00
 *(.debug_line)
 .debug_line    0x0041e000       0xa3 vm86call.o
 .debug_line    0x0041e0a3      0x2cf graphics.o
 .debug_line    0x0041e372      0x250 main.o
 .debug_line    0x0041e5c2       0x3d lib/sysconf.o
 .debug_line    0x0041e5ff       0xfc lib/math.o
 .debug_line    0x0041e6fb       0xd7 lib/stdio.o
 .debug_line    0x0041e7d2      0x248 lib/stdlib.o
 .debug_line    0x0041ea1a      0x229 lib/qsort.o
 .debug_line    0x0041ec43       0xac ../lib/softfloat.o
 .debug_line    0x0041ecef      0x14e ../lib/string.o
 .debug_line    0x0041ee3d      0x167 ../lib/memcpy.o
 .debug_line    0x0041efa4       0xbf ../lib/memset.o
 .debug_line    0x0041f063      0x654 ../lib/snprintf.o
 .debug_line    0x0041f6b7       0xa1 lib/malloc.o
 .debug_line    0x0041f758      0x454 ../lib/tlsf/tlsf.o

.debug_frame
 *(.debug_frame*)

.debug_str      0x00420000      0x200
 *(.debug_str)
 .debug_str     0x00420000       0x5a graphics.o
 .debug_str     0x0042005a       0x25 main.o
 .debug_str     0x0042007f        0x5 lib/stdio.o
 .debug_str     0x00420084        0x9 lib/qsort.o
 .debug_str     0x0042008d       0x17 ../lib/memcpy.o
 .debug_str     0x004200a4       0x53 ../lib/snprintf.o
 .debug_str     0x004200f7        0x6 lib/malloc.o
 .debug_str     0x004200fd       0x6e ../lib/tlsf/tlsf.o

.debug_loc      0x00421000     0xae00
 *(.debug_loc)
 .debug_loc     0x00421000      0x230 vm86call.o
 .debug_loc     0x00421230      0xa06 graphics.o
 .debug_loc     0x00421c36      0x969 main.o
 .debug_loc     0x0042259f      0x49b lib/math.o
 .debug_loc     0x00422a3a      0x338 lib/stdio.o
 .debug_loc     0x00422d72      0xdf1 lib/stdlib.o
 .debug_loc     0x00423b63     0x16cc lib/qsort.o
 .debug_loc     0x0042522f      0x514 ../lib/softfloat.o
 .debug_loc     0x00425743      0xc06 ../lib/string.o
 .debug_loc     0x00426349      0x979 ../lib/memcpy.o
 .debug_loc     0x00426cc2      0x23e ../lib/memset.o
 .debug_loc     0x00426f00     0x2b75 ../lib/snprintf.o
 .debug_loc     0x00429a75      0x135 lib/malloc.o
 .debug_loc     0x00429baa     0x21a0 ../lib/tlsf/tlsf.o

.debug_macinfo
 *(.debug_macinfo)

.debug_weaknames
 *(.debug_weaknames)

.debug_funcnames
 *(.debug_funcnames)

.debug_typenames
 *(.debug_typenames)

.debug_varnames
 *(.debug_varnames)

.debug_macro
 *(.debug_macro)

.debug_ranges   0x0042c000      0xa00
 *(.debug_ranges)
 .debug_ranges  0x0042c000       0xd8 graphics.o
 .debug_ranges  0x0042c0d8       0x30 main.o
 .debug_ranges  0x0042c108       0x38 lib/math.o
 .debug_ranges  0x0042c140       0xb0 lib/stdlib.o
 .debug_ranges  0x0042c1f0      0x298 lib/qsort.o
 .debug_ranges  0x0042c488       0x30 ../lib/softfloat.o
 .debug_ranges  0x0042c4b8       0x40 ../lib/string.o
 .debug_ranges  0x0042c4f8       0x48 ../lib/memcpy.o
 .debug_ranges  0x0042c540      0x1b0 ../lib/snprintf.o
 .debug_ranges  0x0042c6f0      0x1d8 ../lib/tlsf/tlsf.o

.debug_types
 *(.debug_types .gnu.linkonce.wt.*)
OUTPUT(a.out pei-i386)
