
Allocating common symbols
Common symbol       size              file

visualBuffers       0x4               main.o
emptySemaphore      0x4               main.o
mutexSemaphores     0x4               main.o
dataArray           0x4               main.o
fullSemaphore       0x4               main.o
producerThreadId    0x4               main.o
g_heap              0x4               lib/malloc.o
consumerThreadId    0x4               main.o

Discarded input sections

 .drectve       0x00000000       0xd8 main.o
 .drectve       0x00000000       0x18 lib/malloc.o

Memory Configuration

Name             Origin             Length             Attributes
*default*        0x00000000         0xffffffff

Linker script and memory map

                0x00400000                __image_base__ = 0x400000
                0x00000000                __dll__ = 0x0
                0x00400000                ___ImageBase = 0x400000
                0x00001000                __section_alignment__ = 0x1000
                0x00000200                __file_alignment__ = 0x200
                0x00000004                __major_os_version__ = 0x4
                0x00000000                __minor_os_version__ = 0x0
                0x00000001                __major_image_version__ = 0x1
                0x00000000                __minor_image_version__ = 0x0
                0x00000004                __major_subsystem_version__ = 0x4
                0x00000000                __minor_subsystem_version__ = 0x0
                0x00000003                __subsystem__ = 0x3
                0x00200000                __size_of_stack_reserve__ = 0x200000
                0x00001000                __size_of_stack_commit__ = 0x1000
                0x00100000                __size_of_heap_reserve__ = 0x100000
                0x00001000                __size_of_heap_commit__ = 0x1000
                0x00000000                __loader_flags__ = 0x0
                0x00000000                __dll_characteristics__ = 0x0
LOAD lib/crt0.o
LOAD lib/setjmp.o
LOAD lib/syscall-wrapper.o
LOAD vm86call.o
LOAD graphics.o
LOAD main.o
LOAD lib/sysconf.o
LOAD lib/math.o
LOAD lib/stdio.o
LOAD lib/stdlib.o
LOAD lib/qsort.o
LOAD ../lib/softfloat.o
LOAD ../lib/string.o
LOAD ../lib/memcpy.o
LOAD ../lib/memset.o
LOAD ../lib/snprintf.o
LOAD lib/malloc.o
LOAD ../lib/tlsf/tlsf.o
                0x00000380                . = SIZEOF_HEADERS
                0x00001000                . = ALIGN (__section_alignment__)

.text           0x00401000     0x5c00
 *(.init)
 *(.text)
 .text          0x00401000        0x8 lib/crt0.o
                0x00401000                start
 .text          0x00401008       0x38 lib/setjmp.o
                0x00401008                setjmp
                0x00401022                longjmp
 .text          0x00401040       0xc0 lib/syscall-wrapper.o
                0x00401040                task_exit
                0x00401048                task_create
                0x00401050                task_getid
                0x00401058                task_yield
                0x00401060                task_wait
                0x00401068                reboot
                0x00401070                mmap
                0x00401078                munmap
                0x00401080                sleep
                0x00401088                nanosleep
                0x00401090                beep
                0x00401098                vm86
                0x004010a0                putchar
                0x004010a8                getchar
                0x004010b0                recv
                0x004010b8                send
                0x004010c0                ioctl
                0x004010c8                time
                0x004010d0                getpriority
                0x004010d8                setpriority
                0x004010e0                sem_create
                0x004010e8                sem_destroy
                0x004010f0                sem_wait
                0x004010f8                sem_signal
 .text          0x00401100      0x13c vm86call.o
                0x00401100                vm86call
 .text          0x0040123c      0xba0 graphics.o
                0x00401414                list_graphic_modes
                0x00401618                init_graphic
                0x0040195c                exit_graphic
                0x004019a4                setPixel
                0x00401c94                line
 .text          0x00401ddc      0xae8 main.o
                0x00401ddc                __main
                0x00401e2c                SleepMilliseconds
                0x00401e68                DrawRectangleArea
                0x00401eb0                DisplayVisualArray
                0x00402020                HidePosition
                0x00402098                HighlightPosition
                0x0040212c                CompareElements
                0x00402180                SwapElements
                0x004021f4                InitializeVisualArray
                0x0040237c                CreateTask
                0x004023ac                GenerateRandomArray
                0x004023ec                ProducerTask
                0x004024e0                Partition
                0x00402548                QuickSort
                0x004025ac                ConsumerTask
                0x0040262c                BubbleSort
                0x00402690                ShowPriority
                0x00402798                ControlTask
                0x00402840                DrawProgressBar
 .text          0x004028c4       0x18 lib/sysconf.o
                0x004028c4                sysconf
 .text          0x004028dc      0x398 lib/math.o
                0x004028dc                fabs
                0x004028f0                floor
                0x00402938                ceil
                0x00402994                sin
                0x0040299c                cos
                0x004029a4                sqrt
                0x004029ac                log2
                0x004029bc                atan2
                0x004029cc                tan
                0x004029d8                cot
                0x004029e4                pow
                0x00402a54                exp
                0x00402a98                log
                0x00402aac                atan
 .text          0x00402c74      0x18c lib/stdio.o
                0x00402c74                printf
                0x00402ccc                fprintf
                0x00402d24                vprintf
                0x00402d7c                vfprintf
                0x00402d90                vsprintf
                0x00402dbc                sprintf
                0x00402de8                fputc
 .text          0x00402e00      0x694 lib/stdlib.o
                0x00402e00                exit
                0x00402e08                ldiv
                0x00402e24                div
                0x00402e40                rand_r
                0x00402ee0                rand
                0x00402f9c                srand
                0x00402fa8                strtol
                0x004031c8                strtoul
                0x00403434                atol
                0x00403458                strdup
 .text          0x00403494      0x840 lib/qsort.o
                0x00403494                qsort
 .text          0x00403cd4      0x224 ../lib/softfloat.o
                0x00403cd4                __udivmoddi4
                0x00403d8c                __divdi3
                0x00403df4                __moddi3
                0x00403e78                __udivdi3
                0x00403eac                __umoddi3
 .text          0x00403ef8      0x358 ../lib/string.o
                0x00403ef8                memcmp
                0x00403f20                memmove
                0x00403f70                memchr
                0x00403f98                strcat
                0x00403fbc                strcmp
                0x00403fe8                strncmp
                0x00404034                strchr
                0x00404058                strrchr
                0x0040407c                strstr
                0x0040411c                strcpy
                0x0040413c                strlen
                0x00404154                strncpy
                0x00404198                strcasecmp
                0x004041e0                strncasecmp
 .text          0x00404250      0x530 ../lib/memcpy.o
                0x00404250                memcpy
 .text          0x00404780       0x9c ../lib/memset.o
                0x00404780                memset
 .text          0x0040481c     0x1680 ../lib/snprintf.o
                0x00405780                vsnprintf
                0x00405e70                snprintf
 .text          0x00405e9c       0xb8 lib/malloc.o
                0x00405e9c                malloc
                0x00405eb8                calloc
                0x00405ef0                memalign
                0x00405f14                realloc
                0x00405f38                free
 .text          0x00405f54      0x9b4 ../lib/tlsf/tlsf.o
                0x004062d0                tlsf_check
                0x004063d4                tlsf_walk_pool
                0x00406440                tlsf_block_size
                0x00406454                tlsf_check_pool
                0x0040648c                tlsf_size
                0x00406494                tlsf_align_size
                0x0040649c                tlsf_block_size_min
                0x004064a4                tlsf_block_size_max
                0x004064ac                tlsf_pool_overhead
                0x004064b4                tlsf_alloc_overhead
                0x004064bc                tlsf_add_pool
                0x0040650c                tlsf_remove_pool
                0x00406554                tlsf_create
                0x004065a0                tlsf_create_with_pool
                0x0040661c                tlsf_destroy
                0x00406620                tlsf_get_pool
                0x0040662c                tlsf_malloc
                0x00406658                tlsf_memalign
                0x00406738                tlsf_free
                0x004067ac                tlsf_realloc
 *(SORT(.text$*))
 *(.text.*)
 .text.startup  0x00406908      0x150 main.o
                0x00406908                main
 *(.gnu.linkonce.t.*)
 *(.glue_7t)
 *(.glue_7)
                0x00406a58                ___CTOR_LIST__ = .
                0x00406a58                __CTOR_LIST__ = .
                0x00406a58        0x4 LONG 0xffffffff
 *(.ctors)
 *(.ctor)
 *(SORT(.ctors.*))
                0x00406a5c        0x4 LONG 0x0
                0x00406a60                ___DTOR_LIST__ = .
                0x00406a60                __DTOR_LIST__ = .
                0x00406a60        0x4 LONG 0xffffffff
 *(.dtors)
 *(.dtor)
 *(SORT(.dtors.*))
                0x00406a64        0x4 LONG 0x0
 *(.fini)
 *(.gcc_exc)
                0x00406a68                PROVIDE (etext, .)
 *(.gcc_except_table)

.data           0x00407000      0x200
                0x00407000                __data_start__ = .
 *(.data)
 .data          0x00407000        0x0 lib/crt0.o
 .data          0x00407000        0x0 lib/setjmp.o
 .data          0x00407000        0x0 lib/syscall-wrapper.o
 .data          0x00407000        0x0 vm86call.o
 .data          0x00407000        0x4 graphics.o
 .data          0x00407004        0x0 main.o
 .data          0x00407004        0x0 lib/sysconf.o
 .data          0x00407004        0x0 lib/math.o
 .data          0x00407004        0x0 lib/stdio.o
 .data          0x00407004        0x4 lib/stdlib.o
 .data          0x00407008        0x0 lib/qsort.o
 .data          0x00407008        0x0 ../lib/softfloat.o
 .data          0x00407008        0x0 ../lib/string.o
 .data          0x00407008        0x0 ../lib/memcpy.o
 .data          0x00407008        0x0 ../lib/memset.o
 .data          0x00407008        0x0 ../lib/snprintf.o
 .data          0x00407008        0x0 lib/malloc.o
 .data          0x00407008        0x0 ../lib/tlsf/tlsf.o
 *(.data2)
 *(SORT(.data$*))
 *(.jcr)
                0x00407008                __data_end__ = .
 *(.data_cygwin_nocopy)

.rdata          0x00408000      0xa00
 *(.rdata)
 .rdata         0x00408000       0x2c vm86call.o
 .rdata         0x0040802c      0x260 graphics.o
 *fill*         0x0040828c        0x4 
 .rdata         0x00408290       0x50 main.o
                0x004082bc                ARRAY_SIZE
 .rdata         0x004082e0       0xe0 lib/math.o
 .rdata         0x004083c0      0x100 ../lib/string.o
 .rdata         0x004084c0       0x20 ../lib/memcpy.o
 .rdata         0x004084e0      0x328 ../lib/snprintf.o
 *(SORT(.rdata$*))
                0x00408808                __rt_psrelocs_start = .
 *(.rdata_runtime_pseudo_reloc)
                0x00408808                __rt_psrelocs_end = .
                0x00000000                __rt_psrelocs_size = (__rt_psrelocs_end - __rt_psrelocs_start)
                0x00408808                ___RUNTIME_PSEUDO_RELOC_LIST_END__ = .
                0x00408808                __RUNTIME_PSEUDO_RELOC_LIST_END__ = .
                0x00408808                ___RUNTIME_PSEUDO_RELOC_LIST__ = (. - __rt_psrelocs_size)
                0x00408808                __RUNTIME_PSEUDO_RELOC_LIST__ = (. - __rt_psrelocs_size)

.eh_frame       0x00409000     0x1600
 *(.eh_frame*)
 .eh_frame      0x00409000       0x70 vm86call.o
 .eh_frame      0x00409070      0x1d4 graphics.o
 .eh_frame      0x00409244      0x390 main.o
 .eh_frame      0x004095d4       0x2c lib/sysconf.o
 .eh_frame      0x00409600      0x180 lib/math.o
 .eh_frame      0x00409780      0x118 lib/stdio.o
 .eh_frame      0x00409898      0x1bc lib/stdlib.o
 .eh_frame      0x00409a54       0x70 lib/qsort.o
 .eh_frame      0x00409ac4      0x108 ../lib/softfloat.o
 .eh_frame      0x00409bcc      0x268 ../lib/string.o
 .eh_frame      0x00409e34       0x70 ../lib/memcpy.o
 .eh_frame      0x00409ea4       0x64 ../lib/memset.o
 .eh_frame      0x00409f08      0x130 ../lib/snprintf.o
 .eh_frame      0x0040a038       0xa4 lib/malloc.o
 .eh_frame      0x0040a0dc      0x4f4 ../lib/tlsf/tlsf.o

.pdata
 *(.pdata)

.bss            0x0040b000      0x36c
                0x0040b000                __bss_start__ = .
 *(.bss)
 .bss           0x0040b000        0x0 lib/crt0.o
 .bss           0x0040b000        0x0 lib/setjmp.o
 .bss           0x0040b000        0x0 lib/syscall-wrapper.o
 .bss           0x0040b000        0x0 vm86call.o
 .bss           0x0040b000      0x340 graphics.o
                0x0040b000                g_graphic_dev
 .bss           0x0040b340        0xc main.o
                0x0040b340                timerSpec
                0x0040b348                g_threads_completed
 .bss           0x0040b34c        0x0 lib/sysconf.o
 .bss           0x0040b34c        0x0 lib/math.o
 .bss           0x0040b34c        0x0 lib/stdio.o
 .bss           0x0040b34c        0x0 lib/stdlib.o
 .bss           0x0040b34c        0x0 lib/qsort.o
 .bss           0x0040b34c        0x0 ../lib/softfloat.o
 .bss           0x0040b34c        0x0 ../lib/string.o
 .bss           0x0040b34c        0x0 ../lib/memcpy.o
 .bss           0x0040b34c        0x0 ../lib/memset.o
 .bss           0x0040b34c        0x0 ../lib/snprintf.o
 .bss           0x0040b34c        0x0 lib/malloc.o
 .bss           0x0040b34c        0x0 ../lib/tlsf/tlsf.o
 *(COMMON)
 COMMON         0x0040b34c       0x1c main.o
                0x0040b34c                visualBuffers
                0x0040b350                emptySemaphore
                0x0040b354                mutexSemaphores
                0x0040b358                dataArray
                0x0040b35c                fullSemaphore
                0x0040b360                producerThreadId
                0x0040b364                consumerThreadId
 COMMON         0x0040b368        0x4 lib/malloc.o
                0x0040b368                g_heap
                0x0040b36c                __bss_end__ = .

.edata
 *(.edata)

/DISCARD/
 *(.debug$S)
 *(.debug$T)
 *(.debug$F)
 *(.drectve)
 *(.note.GNU-stack)
 *(.gnu.lto_*)

.idata          0x0040c000      0x200
 SORT(*)(.idata$2)
 SORT(*)(.idata$3)
                0x0040c000        0x4 LONG 0x0
                0x0040c004        0x4 LONG 0x0
                0x0040c008        0x4 LONG 0x0
                0x0040c00c        0x4 LONG 0x0
                0x0040c010        0x4 LONG 0x0
 SORT(*)(.idata$4)
                0x0040c014                __IAT_start__ = .
 SORT(*)(.idata$5)
                0x0040c014                __IAT_end__ = .
 SORT(*)(.idata$6)
 SORT(*)(.idata$7)

.CRT            0x0040d000        0x0
                0x0040d000                ___crt_xc_start__ = .
 *(SORT(.CRT$XC*))
                0x0040d000                ___crt_xc_end__ = .
                0x0040d000                ___crt_xi_start__ = .
 *(SORT(.CRT$XI*))
                0x0040d000                ___crt_xi_end__ = .
                0x0040d000                ___crt_xl_start__ = .
 *(SORT(.CRT$XL*))
                0x0040d000                ___crt_xp_start__ = .
 *(SORT(.CRT$XP*))
                0x0040d000                ___crt_xp_end__ = .
                0x0040d000                ___crt_xt_start__ = .
 *(SORT(.CRT$XT*))
                0x0040d000                ___crt_xt_end__ = .

.tls            0x0040d000        0x0
                0x0040d000                ___tls_start__ = .
 *(.tls)
 *(.tls$)
 *(SORT(.tls$*))
                0x0040d000                ___tls_end__ = .

.endjunk        0x0040d000        0x0
                0x0040d000                PROVIDE (end, .)
                0x0040d000                PROVIDE (_end, .)
                0x0040d000                __end__ = .

.rsrc
 *(.rsrc)
 *(SORT(.rsrc$*))

.reloc
 *(.reloc)

.stab
 *(.stab)

.stabstr
 *(.stabstr)

.debug_aranges  0x0040d000      0x200
 *(.debug_aranges)
 .debug_aranges
                0x0040d000       0x20 vm86call.o
 .debug_aranges
                0x0040d020       0x20 graphics.o
 .debug_aranges
                0x0040d040       0x28 main.o
 .debug_aranges
                0x0040d068       0x20 lib/sysconf.o
 .debug_aranges
                0x0040d088       0x20 lib/math.o
 .debug_aranges
                0x0040d0a8       0x20 lib/stdio.o
 .debug_aranges
                0x0040d0c8       0x20 lib/stdlib.o
 .debug_aranges
                0x0040d0e8       0x20 lib/qsort.o
 .debug_aranges
                0x0040d108       0x20 ../lib/softfloat.o
 .debug_aranges
                0x0040d128       0x20 ../lib/string.o
 .debug_aranges
                0x0040d148       0x20 ../lib/memcpy.o
 .debug_aranges
                0x0040d168       0x20 ../lib/memset.o
 .debug_aranges
                0x0040d188       0x20 ../lib/snprintf.o
 .debug_aranges
                0x0040d1a8       0x20 lib/malloc.o
 .debug_aranges
                0x0040d1c8       0x20 ../lib/tlsf/tlsf.o

.debug_pubnames
 *(.debug_pubnames)

.debug_pubtypes
 *(.debug_pubtypes)

.debug_info     0x0040e000     0x9c00
 *(.debug_info .gnu.linkonce.wi.*)
 .debug_info    0x0040e000      0x368 vm86call.o
 .debug_info    0x0040e368     0x1320 graphics.o
 .debug_info    0x0040f688     0x1474 main.o
 .debug_info    0x00410afc       0xa5 lib/sysconf.o
 .debug_info    0x00410ba1      0x5ee lib/math.o
 .debug_info    0x0041118f      0x567 lib/stdio.o
 .debug_info    0x004116f6      0x814 lib/stdlib.o
 .debug_info    0x00411f0a      0xe1d lib/qsort.o
 .debug_info    0x00412d27      0x370 ../lib/softfloat.o
 .debug_info    0x00413097      0x6c1 ../lib/string.o
 .debug_info    0x00413758      0x2eb ../lib/memcpy.o
 .debug_info    0x00413a43      0x1a5 ../lib/memset.o
 .debug_info    0x00413be8      0xeb9 ../lib/snprintf.o
 .debug_info    0x00414aa1      0x34f lib/malloc.o
 .debug_info    0x00414df0     0x2c92 ../lib/tlsf/tlsf.o

.debug_abbrev   0x00418000     0x1c00
 *(.debug_abbrev)
 .debug_abbrev  0x00418000      0x102 vm86call.o
 .debug_abbrev  0x00418102      0x319 graphics.o
 .debug_abbrev  0x0041841b      0x309 main.o
 .debug_abbrev  0x00418724       0x4a lib/sysconf.o
 .debug_abbrev  0x0041876e      0x19b lib/math.o
 .debug_abbrev  0x00418909      0x169 lib/stdio.o
 .debug_abbrev  0x00418a72      0x234 lib/stdlib.o
 .debug_abbrev  0x00418ca6      0x1c1 lib/qsort.o
 .debug_abbrev  0x00418e67      0x131 ../lib/softfloat.o
 .debug_abbrev  0x00418f98      0x184 ../lib/string.o
 .debug_abbrev  0x0041911c       0xab ../lib/memcpy.o
 .debug_abbrev  0x004191c7       0x85 ../lib/memset.o
 .debug_abbrev  0x0041924c      0x21d ../lib/snprintf.o
 .debug_abbrev  0x00419469       0xf8 lib/malloc.o
 .debug_abbrev  0x00419561      0x4b6 ../lib/tlsf/tlsf.o

.debug_line     0x0041a000     0x1e00
 *(.debug_line)
 .debug_line    0x0041a000       0xa3 vm86call.o
 .debug_line    0x0041a0a3      0x2cf graphics.o
 .debug_line    0x0041a372      0x320 main.o
 .debug_line    0x0041a692       0x3d lib/sysconf.o
 .debug_line    0x0041a6cf       0xfc lib/math.o
 .debug_line    0x0041a7cb       0xd7 lib/stdio.o
 .debug_line    0x0041a8a2      0x248 lib/stdlib.o
 .debug_line    0x0041aaea      0x229 lib/qsort.o
 .debug_line    0x0041ad13       0xac ../lib/softfloat.o
 .debug_line    0x0041adbf      0x14e ../lib/string.o
 .debug_line    0x0041af0d      0x167 ../lib/memcpy.o
 .debug_line    0x0041b074       0xbf ../lib/memset.o
 .debug_line    0x0041b133      0x654 ../lib/snprintf.o
 .debug_line    0x0041b787       0xa1 lib/malloc.o
 .debug_line    0x0041b828      0x454 ../lib/tlsf/tlsf.o

.debug_frame
 *(.debug_frame*)

.debug_str      0x0041c000      0x200
 *(.debug_str)
 .debug_str     0x0041c000       0x5a graphics.o
 .debug_str     0x0041c05a       0x4f main.o
 .debug_str     0x0041c0a9        0x5 lib/stdio.o
 .debug_str     0x0041c0ae        0x9 lib/qsort.o
 .debug_str     0x0041c0b7       0x17 ../lib/memcpy.o
 .debug_str     0x0041c0ce       0x53 ../lib/snprintf.o
 .debug_str     0x0041c121        0x6 lib/malloc.o
 .debug_str     0x0041c127       0x6e ../lib/tlsf/tlsf.o

.debug_loc      0x0041d000     0xb000
 *(.debug_loc)
 .debug_loc     0x0041d000      0x230 vm86call.o
 .debug_loc     0x0041d230      0xa06 graphics.o
 .debug_loc     0x0041dc36      0xc15 main.o
 .debug_loc     0x0041e84b      0x49b lib/math.o
 .debug_loc     0x0041ece6      0x338 lib/stdio.o
 .debug_loc     0x0041f01e      0xdf1 lib/stdlib.o
 .debug_loc     0x0041fe0f     0x16cc lib/qsort.o
 .debug_loc     0x004214db      0x514 ../lib/softfloat.o
 .debug_loc     0x004219ef      0xc06 ../lib/string.o
 .debug_loc     0x004225f5      0x979 ../lib/memcpy.o
 .debug_loc     0x00422f6e      0x23e ../lib/memset.o
 .debug_loc     0x004231ac     0x2b75 ../lib/snprintf.o
 .debug_loc     0x00425d21      0x135 lib/malloc.o
 .debug_loc     0x00425e56     0x21a0 ../lib/tlsf/tlsf.o

.debug_macinfo
 *(.debug_macinfo)

.debug_weaknames
 *(.debug_weaknames)

.debug_funcnames
 *(.debug_funcnames)

.debug_typenames
 *(.debug_typenames)

.debug_varnames
 *(.debug_varnames)

.debug_macro
 *(.debug_macro)

.debug_ranges   0x00428000      0xa00
 *(.debug_ranges)
 .debug_ranges  0x00428000       0xd8 graphics.o
 .debug_ranges  0x004280d8       0x18 main.o
 .debug_ranges  0x004280f0       0x38 lib/math.o
 .debug_ranges  0x00428128       0xb0 lib/stdlib.o
 .debug_ranges  0x004281d8      0x298 lib/qsort.o
 .debug_ranges  0x00428470       0x30 ../lib/softfloat.o
 .debug_ranges  0x004284a0       0x40 ../lib/string.o
 .debug_ranges  0x004284e0       0x48 ../lib/memcpy.o
 .debug_ranges  0x00428528      0x1b0 ../lib/snprintf.o
 .debug_ranges  0x004286d8      0x1d8 ../lib/tlsf/tlsf.o

.debug_types
 *(.debug_types .gnu.linkonce.wt.*)
OUTPUT(a.out pei-i386)
