
Allocating common symbols
Common symbol       size              file

task1Id             0x4               main.o
task2Id             0x4               main.o
numberArray         0x4               main.o
g_heap              0x4               lib/malloc.o

Discarded input sections

 .drectve       0x00000000       0x4c main.o
 .drectve       0x00000000       0x18 lib/malloc.o

Memory Configuration

Name             Origin             Length             Attributes
*default*        0x00000000         0xffffffff

Linker script and memory map

                0x00400000                __image_base__ = 0x400000
                0x00000000                __dll__ = 0x0
                0x00400000                ___ImageBase = 0x400000
                0x00001000                __section_alignment__ = 0x1000
                0x00000200                __file_alignment__ = 0x200
                0x00000004                __major_os_version__ = 0x4
                0x00000000                __minor_os_version__ = 0x0
                0x00000001                __major_image_version__ = 0x1
                0x00000000                __minor_image_version__ = 0x0
                0x00000004                __major_subsystem_version__ = 0x4
                0x00000000                __minor_subsystem_version__ = 0x0
                0x00000003                __subsystem__ = 0x3
                0x00200000                __size_of_stack_reserve__ = 0x200000
                0x00001000                __size_of_stack_commit__ = 0x1000
                0x00100000                __size_of_heap_reserve__ = 0x100000
                0x00001000                __size_of_heap_commit__ = 0x1000
                0x00000000                __loader_flags__ = 0x0
                0x00000000                __dll_characteristics__ = 0x0
LOAD lib/crt0.o
LOAD lib/setjmp.o
LOAD lib/syscall-wrapper.o
LOAD vm86call.o
LOAD graphics.o
LOAD main.o
LOAD lib/sysconf.o
LOAD lib/math.o
LOAD lib/stdio.o
LOAD lib/stdlib.o
LOAD lib/qsort.o
LOAD ../lib/softfloat.o
LOAD ../lib/string.o
LOAD ../lib/memcpy.o
LOAD ../lib/memset.o
LOAD ../lib/snprintf.o
LOAD lib/malloc.o
LOAD ../lib/tlsf/tlsf.o
                0x00000380                . = SIZEOF_HEADERS
                0x00001000                . = ALIGN (__section_alignment__)

.text           0x00401000     0x5800
 *(.init)
 *(.text)
 .text          0x00401000        0x8 lib/crt0.o
                0x00401000                start
 .text          0x00401008       0x38 lib/setjmp.o
                0x00401008                setjmp
                0x00401022                longjmp
 .text          0x00401040       0xa0 lib/syscall-wrapper.o
                0x00401040                task_exit
                0x00401048                task_create
                0x00401050                task_getid
                0x00401058                task_yield
                0x00401060                task_wait
                0x00401068                reboot
                0x00401070                mmap
                0x00401078                munmap
                0x00401080                sleep
                0x00401088                nanosleep
                0x00401090                beep
                0x00401098                vm86
                0x004010a0                putchar
                0x004010a8                getchar
                0x004010b0                recv
                0x004010b8                send
                0x004010c0                ioctl
                0x004010c8                time
                0x004010d0                getpriority
                0x004010d8                setpriority
 .text          0x004010e0      0x13c vm86call.o
                0x004010e0                vm86call
 .text          0x0040121c      0xba0 graphics.o
                0x004013f4                list_graphic_modes
                0x004015f8                init_graphic
                0x0040193c                exit_graphic
                0x00401984                setPixel
                0x00401c74                line
 .text          0x00401dbc      0x81c main.o
                0x00401dbc                __main
                0x00401e0c                sleepMilliseconds
                0x00401e48                drawArea
                0x00401e90                displayElement
                0x00401f94                initializeVisualizationArray
                0x00402060                hideElement
                0x004020c8                highlightElementRed
                0x00402150                swapElements
                0x004021c4                highlightElementGreen
                0x0040224c                compareElements
                0x0040229c                createTask
                0x004022cc                createShuffledArray
                0x00402328                bubbleSortVisualization
                0x00402380                runSortingTask2
                0x004023d4                runSortingTask1
                0x00402428                updatePriorityDisplay
                0x00402530                handleUserInput
 .text          0x004025d8       0x18 lib/sysconf.o
                0x004025d8                sysconf
 .text          0x004025f0      0x398 lib/math.o
                0x004025f0                fabs
                0x00402604                floor
                0x0040264c                ceil
                0x004026a8                sin
                0x004026b0                cos
                0x004026b8                sqrt
                0x004026c0                log2
                0x004026d0                atan2
                0x004026e0                tan
                0x004026ec                cot
                0x004026f8                pow
                0x00402768                exp
                0x004027ac                log
                0x004027c0                atan
 .text          0x00402988      0x18c lib/stdio.o
                0x00402988                printf
                0x004029e0                fprintf
                0x00402a38                vprintf
                0x00402a90                vfprintf
                0x00402aa4                vsprintf
                0x00402ad0                sprintf
                0x00402afc                fputc
 .text          0x00402b14      0x694 lib/stdlib.o
                0x00402b14                exit
                0x00402b1c                ldiv
                0x00402b38                div
                0x00402b54                rand_r
                0x00402bf4                rand
                0x00402cb0                srand
                0x00402cbc                strtol
                0x00402edc                strtoul
                0x00403148                atol
                0x0040316c                strdup
 .text          0x004031a8      0x840 lib/qsort.o
                0x004031a8                qsort
 .text          0x004039e8      0x224 ../lib/softfloat.o
                0x004039e8                __udivmoddi4
                0x00403aa0                __divdi3
                0x00403b08                __moddi3
                0x00403b8c                __udivdi3
                0x00403bc0                __umoddi3
 .text          0x00403c0c      0x358 ../lib/string.o
                0x00403c0c                memcmp
                0x00403c34                memmove
                0x00403c84                memchr
                0x00403cac                strcat
                0x00403cd0                strcmp
                0x00403cfc                strncmp
                0x00403d48                strchr
                0x00403d6c                strrchr
                0x00403d90                strstr
                0x00403e30                strcpy
                0x00403e50                strlen
                0x00403e68                strncpy
                0x00403eac                strcasecmp
                0x00403ef4                strncasecmp
 .text          0x00403f64      0x530 ../lib/memcpy.o
                0x00403f64                memcpy
 .text          0x00404494       0x9c ../lib/memset.o
                0x00404494                memset
 .text          0x00404530     0x1680 ../lib/snprintf.o
                0x00405494                vsnprintf
                0x00405b84                snprintf
 .text          0x00405bb0       0xb8 lib/malloc.o
                0x00405bb0                malloc
                0x00405bcc                calloc
                0x00405c04                memalign
                0x00405c28                realloc
                0x00405c4c                free
 .text          0x00405c68      0x9b4 ../lib/tlsf/tlsf.o
                0x00405fe4                tlsf_check
                0x004060e8                tlsf_walk_pool
                0x00406154                tlsf_block_size
                0x00406168                tlsf_check_pool
                0x004061a0                tlsf_size
                0x004061a8                tlsf_align_size
                0x004061b0                tlsf_block_size_min
                0x004061b8                tlsf_block_size_max
                0x004061c0                tlsf_pool_overhead
                0x004061c8                tlsf_alloc_overhead
                0x004061d0                tlsf_add_pool
                0x00406220                tlsf_remove_pool
                0x00406268                tlsf_create
                0x004062b4                tlsf_create_with_pool
                0x00406330                tlsf_destroy
                0x00406334                tlsf_get_pool
                0x00406340                tlsf_malloc
                0x0040636c                tlsf_memalign
                0x0040644c                tlsf_free
                0x004064c0                tlsf_realloc
 *(SORT(.text$*))
 *(.text.*)
 .text.startup  0x0040661c       0xc8 main.o
                0x0040661c                main
 *(.gnu.linkonce.t.*)
 *(.glue_7t)
 *(.glue_7)
                0x004066e4                ___CTOR_LIST__ = .
                0x004066e4                __CTOR_LIST__ = .
                0x004066e4        0x4 LONG 0xffffffff
 *(.ctors)
 *(.ctor)
 *(SORT(.ctors.*))
                0x004066e8        0x4 LONG 0x0
                0x004066ec                ___DTOR_LIST__ = .
                0x004066ec                __DTOR_LIST__ = .
                0x004066ec        0x4 LONG 0xffffffff
 *(.dtors)
 *(.dtor)
 *(SORT(.dtors.*))
                0x004066f0        0x4 LONG 0x0
 *(.fini)
 *(.gcc_exc)
                0x004066f4                PROVIDE (etext, .)
 *(.gcc_except_table)

.data           0x00407000      0x200
                0x00407000                __data_start__ = .
 *(.data)
 .data          0x00407000        0x0 lib/crt0.o
 .data          0x00407000        0x0 lib/setjmp.o
 .data          0x00407000        0x0 lib/syscall-wrapper.o
 .data          0x00407000        0x0 vm86call.o
 .data          0x00407000        0x4 graphics.o
 .data          0x00407004        0x0 main.o
 .data          0x00407004        0x0 lib/sysconf.o
 .data          0x00407004        0x0 lib/math.o
 .data          0x00407004        0x0 lib/stdio.o
 .data          0x00407004        0x4 lib/stdlib.o
 .data          0x00407008        0x0 lib/qsort.o
 .data          0x00407008        0x0 ../lib/softfloat.o
 .data          0x00407008        0x0 ../lib/string.o
 .data          0x00407008        0x0 ../lib/memcpy.o
 .data          0x00407008        0x0 ../lib/memset.o
 .data          0x00407008        0x0 ../lib/snprintf.o
 .data          0x00407008        0x0 lib/malloc.o
 .data          0x00407008        0x0 ../lib/tlsf/tlsf.o
 *(.data2)
 *(SORT(.data$*))
 *(.jcr)
                0x00407008                __data_end__ = .
 *(.data_cygwin_nocopy)

.rdata          0x00408000      0xa00
 *(.rdata)
 .rdata         0x00408000       0x2c vm86call.o
 .rdata         0x0040802c      0x260 graphics.o
 .rdata         0x0040828c       0x3c main.o
 *fill*         0x004082c8       0x18 
 .rdata         0x004082e0       0xe0 lib/math.o
 .rdata         0x004083c0      0x100 ../lib/string.o
 .rdata         0x004084c0       0x20 ../lib/memcpy.o
 .rdata         0x004084e0      0x328 ../lib/snprintf.o
 *(SORT(.rdata$*))
                0x00408808                __rt_psrelocs_start = .
 *(.rdata_runtime_pseudo_reloc)
                0x00408808                __rt_psrelocs_end = .
                0x00000000                __rt_psrelocs_size = (__rt_psrelocs_end - __rt_psrelocs_start)
                0x00408808                ___RUNTIME_PSEUDO_RELOC_LIST_END__ = .
                0x00408808                __RUNTIME_PSEUDO_RELOC_LIST_END__ = .
                0x00408808                ___RUNTIME_PSEUDO_RELOC_LIST__ = (. - __rt_psrelocs_size)
                0x00408808                __RUNTIME_PSEUDO_RELOC_LIST__ = (. - __rt_psrelocs_size)

.eh_frame       0x00409000     0x1600
 *(.eh_frame*)
 .eh_frame      0x00409000       0x70 vm86call.o
 .eh_frame      0x00409070      0x1d4 graphics.o
 .eh_frame      0x00409244      0x2ec main.o
 .eh_frame      0x00409530       0x2c lib/sysconf.o
 .eh_frame      0x0040955c      0x180 lib/math.o
 .eh_frame      0x004096dc      0x118 lib/stdio.o
 .eh_frame      0x004097f4      0x1bc lib/stdlib.o
 .eh_frame      0x004099b0       0x70 lib/qsort.o
 .eh_frame      0x00409a20      0x108 ../lib/softfloat.o
 .eh_frame      0x00409b28      0x268 ../lib/string.o
 .eh_frame      0x00409d90       0x70 ../lib/memcpy.o
 .eh_frame      0x00409e00       0x64 ../lib/memset.o
 .eh_frame      0x00409e64      0x130 ../lib/snprintf.o
 .eh_frame      0x00409f94       0xa4 lib/malloc.o
 .eh_frame      0x0040a038      0x4f4 ../lib/tlsf/tlsf.o

.pdata
 *(.pdata)

.bss            0x0040b000      0x358
                0x0040b000                __bss_start__ = .
 *(.bss)
 .bss           0x0040b000        0x0 lib/crt0.o
 .bss           0x0040b000        0x0 lib/setjmp.o
 .bss           0x0040b000        0x0 lib/syscall-wrapper.o
 .bss           0x0040b000        0x0 vm86call.o
 .bss           0x0040b000      0x340 graphics.o
                0x0040b000                g_graphic_dev
 .bss           0x0040b340        0x8 main.o
 .bss           0x0040b348        0x0 lib/sysconf.o
 .bss           0x0040b348        0x0 lib/math.o
 .bss           0x0040b348        0x0 lib/stdio.o
 .bss           0x0040b348        0x0 lib/stdlib.o
 .bss           0x0040b348        0x0 lib/qsort.o
 .bss           0x0040b348        0x0 ../lib/softfloat.o
 .bss           0x0040b348        0x0 ../lib/string.o
 .bss           0x0040b348        0x0 ../lib/memcpy.o
 .bss           0x0040b348        0x0 ../lib/memset.o
 .bss           0x0040b348        0x0 ../lib/snprintf.o
 .bss           0x0040b348        0x0 lib/malloc.o
 .bss           0x0040b348        0x0 ../lib/tlsf/tlsf.o
 *(COMMON)
 COMMON         0x0040b348        0xc main.o
                0x0040b348                task1Id
                0x0040b34c                task2Id
                0x0040b350                numberArray
 COMMON         0x0040b354        0x4 lib/malloc.o
                0x0040b354                g_heap
                0x0040b358                __bss_end__ = .

.edata
 *(.edata)

/DISCARD/
 *(.debug$S)
 *(.debug$T)
 *(.debug$F)
 *(.drectve)
 *(.note.GNU-stack)
 *(.gnu.lto_*)

.idata          0x0040c000      0x200
 SORT(*)(.idata$2)
 SORT(*)(.idata$3)
                0x0040c000        0x4 LONG 0x0
                0x0040c004        0x4 LONG 0x0
                0x0040c008        0x4 LONG 0x0
                0x0040c00c        0x4 LONG 0x0
                0x0040c010        0x4 LONG 0x0
 SORT(*)(.idata$4)
                0x0040c014                __IAT_start__ = .
 SORT(*)(.idata$5)
                0x0040c014                __IAT_end__ = .
 SORT(*)(.idata$6)
 SORT(*)(.idata$7)

.CRT            0x0040d000        0x0
                0x0040d000                ___crt_xc_start__ = .
 *(SORT(.CRT$XC*))
                0x0040d000                ___crt_xc_end__ = .
                0x0040d000                ___crt_xi_start__ = .
 *(SORT(.CRT$XI*))
                0x0040d000                ___crt_xi_end__ = .
                0x0040d000                ___crt_xl_start__ = .
 *(SORT(.CRT$XL*))
                0x0040d000                ___crt_xp_start__ = .
 *(SORT(.CRT$XP*))
                0x0040d000                ___crt_xp_end__ = .
                0x0040d000                ___crt_xt_start__ = .
 *(SORT(.CRT$XT*))
                0x0040d000                ___crt_xt_end__ = .

.tls            0x0040d000        0x0
                0x0040d000                ___tls_start__ = .
 *(.tls)
 *(.tls$)
 *(SORT(.tls$*))
                0x0040d000                ___tls_end__ = .

.endjunk        0x0040d000        0x0
                0x0040d000                PROVIDE (end, .)
                0x0040d000                PROVIDE (_end, .)
                0x0040d000                __end__ = .

.rsrc
 *(.rsrc)
 *(SORT(.rsrc$*))

.reloc
 *(.reloc)

.stab
 *(.stab)

.stabstr
 *(.stabstr)

.debug_aranges  0x0040d000      0x200
 *(.debug_aranges)
 .debug_aranges
                0x0040d000       0x20 vm86call.o
 .debug_aranges
                0x0040d020       0x20 graphics.o
 .debug_aranges
                0x0040d040       0x28 main.o
 .debug_aranges
                0x0040d068       0x20 lib/sysconf.o
 .debug_aranges
                0x0040d088       0x20 lib/math.o
 .debug_aranges
                0x0040d0a8       0x20 lib/stdio.o
 .debug_aranges
                0x0040d0c8       0x20 lib/stdlib.o
 .debug_aranges
                0x0040d0e8       0x20 lib/qsort.o
 .debug_aranges
                0x0040d108       0x20 ../lib/softfloat.o
 .debug_aranges
                0x0040d128       0x20 ../lib/string.o
 .debug_aranges
                0x0040d148       0x20 ../lib/memcpy.o
 .debug_aranges
                0x0040d168       0x20 ../lib/memset.o
 .debug_aranges
                0x0040d188       0x20 ../lib/snprintf.o
 .debug_aranges
                0x0040d1a8       0x20 lib/malloc.o
 .debug_aranges
                0x0040d1c8       0x20 ../lib/tlsf/tlsf.o

.debug_pubnames
 *(.debug_pubnames)

.debug_pubtypes
 *(.debug_pubtypes)

.debug_info     0x0040e000     0x9800
 *(.debug_info .gnu.linkonce.wi.*)
 .debug_info    0x0040e000      0x368 vm86call.o
 .debug_info    0x0040e368     0x1320 graphics.o
 .debug_info    0x0040f688     0x11ad main.o
 .debug_info    0x00410835       0xa5 lib/sysconf.o
 .debug_info    0x004108da      0x5ee lib/math.o
 .debug_info    0x00410ec8      0x567 lib/stdio.o
 .debug_info    0x0041142f      0x814 lib/stdlib.o
 .debug_info    0x00411c43      0xe1d lib/qsort.o
 .debug_info    0x00412a60      0x370 ../lib/softfloat.o
 .debug_info    0x00412dd0      0x6c1 ../lib/string.o
 .debug_info    0x00413491      0x2eb ../lib/memcpy.o
 .debug_info    0x0041377c      0x1a5 ../lib/memset.o
 .debug_info    0x00413921      0xeb9 ../lib/snprintf.o
 .debug_info    0x004147da      0x34f lib/malloc.o
 .debug_info    0x00414b29     0x2c92 ../lib/tlsf/tlsf.o

.debug_abbrev   0x00418000     0x1a00
 *(.debug_abbrev)
 .debug_abbrev  0x00418000      0x102 vm86call.o
 .debug_abbrev  0x00418102      0x319 graphics.o
 .debug_abbrev  0x0041841b      0x25b main.o
 .debug_abbrev  0x00418676       0x4a lib/sysconf.o
 .debug_abbrev  0x004186c0      0x19b lib/math.o
 .debug_abbrev  0x0041885b      0x169 lib/stdio.o
 .debug_abbrev  0x004189c4      0x234 lib/stdlib.o
 .debug_abbrev  0x00418bf8      0x1c1 lib/qsort.o
 .debug_abbrev  0x00418db9      0x131 ../lib/softfloat.o
 .debug_abbrev  0x00418eea      0x184 ../lib/string.o
 .debug_abbrev  0x0041906e       0xab ../lib/memcpy.o
 .debug_abbrev  0x00419119       0x85 ../lib/memset.o
 .debug_abbrev  0x0041919e      0x21d ../lib/snprintf.o
 .debug_abbrev  0x004193bb       0xf8 lib/malloc.o
 .debug_abbrev  0x004194b3      0x4b6 ../lib/tlsf/tlsf.o

.debug_line     0x0041a000     0x1c00
 *(.debug_line)
 .debug_line    0x0041a000       0xa3 vm86call.o
 .debug_line    0x0041a0a3      0x2cf graphics.o
 .debug_line    0x0041a372      0x210 main.o
 .debug_line    0x0041a582       0x3d lib/sysconf.o
 .debug_line    0x0041a5bf       0xfc lib/math.o
 .debug_line    0x0041a6bb       0xd7 lib/stdio.o
 .debug_line    0x0041a792      0x248 lib/stdlib.o
 .debug_line    0x0041a9da      0x229 lib/qsort.o
 .debug_line    0x0041ac03       0xac ../lib/softfloat.o
 .debug_line    0x0041acaf      0x14e ../lib/string.o
 .debug_line    0x0041adfd      0x167 ../lib/memcpy.o
 .debug_line    0x0041af64       0xbf ../lib/memset.o
 .debug_line    0x0041b023      0x654 ../lib/snprintf.o
 .debug_line    0x0041b677       0xa1 lib/malloc.o
 .debug_line    0x0041b718      0x454 ../lib/tlsf/tlsf.o

.debug_frame
 *(.debug_frame*)

.debug_str      0x0041c000      0x200
 *(.debug_str)
 .debug_str     0x0041c000       0x5a graphics.o
 .debug_str     0x0041c05a       0x2b main.o
 .debug_str     0x0041c085        0x5 lib/stdio.o
 .debug_str     0x0041c08a        0x9 lib/qsort.o
 .debug_str     0x0041c093       0x17 ../lib/memcpy.o
 .debug_str     0x0041c0aa       0x53 ../lib/snprintf.o
 .debug_str     0x0041c0fd        0x6 lib/malloc.o
 .debug_str     0x0041c103       0x6e ../lib/tlsf/tlsf.o

.debug_loc      0x0041d000     0xb200
 *(.debug_loc)
 .debug_loc     0x0041d000      0x230 vm86call.o
 .debug_loc     0x0041d230      0xa06 graphics.o
 .debug_loc     0x0041dc36      0xc5a main.o
 .debug_loc     0x0041e890      0x49b lib/math.o
 .debug_loc     0x0041ed2b      0x338 lib/stdio.o
 .debug_loc     0x0041f063      0xdf1 lib/stdlib.o
 .debug_loc     0x0041fe54     0x16cc lib/qsort.o
 .debug_loc     0x00421520      0x514 ../lib/softfloat.o
 .debug_loc     0x00421a34      0xc06 ../lib/string.o
 .debug_loc     0x0042263a      0x979 ../lib/memcpy.o
 .debug_loc     0x00422fb3      0x23e ../lib/memset.o
 .debug_loc     0x004231f1     0x2b75 ../lib/snprintf.o
 .debug_loc     0x00425d66      0x135 lib/malloc.o
 .debug_loc     0x00425e9b     0x21a0 ../lib/tlsf/tlsf.o

.debug_macinfo
 *(.debug_macinfo)

.debug_weaknames
 *(.debug_weaknames)

.debug_funcnames
 *(.debug_funcnames)

.debug_typenames
 *(.debug_typenames)

.debug_varnames
 *(.debug_varnames)

.debug_macro
 *(.debug_macro)

.debug_ranges   0x00429000      0xa00
 *(.debug_ranges)
 .debug_ranges  0x00429000       0xd8 graphics.o
 .debug_ranges  0x004290d8       0x18 main.o
 .debug_ranges  0x004290f0       0x38 lib/math.o
 .debug_ranges  0x00429128       0xb0 lib/stdlib.o
 .debug_ranges  0x004291d8      0x298 lib/qsort.o
 .debug_ranges  0x00429470       0x30 ../lib/softfloat.o
 .debug_ranges  0x004294a0       0x40 ../lib/string.o
 .debug_ranges  0x004294e0       0x48 ../lib/memcpy.o
 .debug_ranges  0x00429528      0x1b0 ../lib/snprintf.o
 .debug_ranges  0x004296d8      0x1d8 ../lib/tlsf/tlsf.o

.debug_types
 *(.debug_types .gnu.linkonce.wt.*)
OUTPUT(a.out pei-i386)
