
Allocating common symbols
Common symbol       size              file

g_heap              0x4               lib/malloc.o

Discarded input sections

 .drectve       0x00000000       0x18 lib/malloc.o

Memory Configuration

Name             Origin             Length             Attributes
*default*        0x00000000         0xffffffff

Linker script and memory map

                0x00400000                __image_base__ = 0x400000
                0x00000000                __dll__ = 0x0
                0x00400000                ___ImageBase = 0x400000
                0x00001000                __section_alignment__ = 0x1000
                0x00000200                __file_alignment__ = 0x200
                0x00000004                __major_os_version__ = 0x4
                0x00000000                __minor_os_version__ = 0x0
                0x00000001                __major_image_version__ = 0x1
                0x00000000                __minor_image_version__ = 0x0
                0x00000004                __major_subsystem_version__ = 0x4
                0x00000000                __minor_subsystem_version__ = 0x0
                0x00000003                __subsystem__ = 0x3
                0x00200000                __size_of_stack_reserve__ = 0x200000
                0x00001000                __size_of_stack_commit__ = 0x1000
                0x00100000                __size_of_heap_reserve__ = 0x100000
                0x00001000                __size_of_heap_commit__ = 0x1000
                0x00000000                __loader_flags__ = 0x0
                0x00000000                __dll_characteristics__ = 0x0
LOAD lib/crt0.o
LOAD lib/setjmp.o
LOAD lib/syscall-wrapper.o
LOAD vm86call.o
LOAD graphics.o
LOAD main.o
LOAD lib/sysconf.o
LOAD lib/math.o
LOAD lib/stdio.o
LOAD lib/stdlib.o
LOAD lib/qsort.o
LOAD ../lib/softfloat.o
LOAD ../lib/string.o
LOAD ../lib/memcpy.o
LOAD ../lib/memset.o
LOAD ../lib/snprintf.o
LOAD lib/malloc.o
LOAD ../lib/tlsf/tlsf.o
                0x00000380                . = SIZEOF_HEADERS
                0x00001000                . = ALIGN (__section_alignment__)

.text           0x00401000     0x6800
 *(.init)
 *(.text)
 .text          0x00401000        0x8 lib/crt0.o
                0x00401000                start
 .text          0x00401008       0x38 lib/setjmp.o
                0x00401008                setjmp
                0x00401022                longjmp
 .text          0x00401040       0xa0 lib/syscall-wrapper.o
                0x00401040                task_exit
                0x00401048                task_create
                0x00401050                task_getid
                0x00401058                task_yield
                0x00401060                task_wait
                0x00401068                reboot
                0x00401070                mmap
                0x00401078                munmap
                0x00401080                sleep
                0x00401088                nanosleep
                0x00401090                beep
                0x00401098                vm86
                0x004010a0                putchar
                0x004010a8                getchar
                0x004010b0                recv
                0x004010b8                send
                0x004010c0                ioctl
                0x004010c8                time
                0x004010d0                getpriority
                0x004010d8                setpriority
 .text          0x004010e0      0x13c vm86call.o
                0x004010e0                vm86call
 .text          0x0040121c      0xba0 graphics.o
                0x004013f4                list_graphic_modes
                0x004015f8                init_graphic
                0x0040193c                exit_graphic
                0x00401984                setPixel
                0x00401c74                line
 .text          0x00401dbc     0x1724 main.o
                0x00401dbc                __main
                0x00401e0c                sleep_ms
                0x00401e68                draw_E02_graph
                0x00401fd8                swap
                0x00401fec                quicksort
                0x00402124                tsk_a
                0x00402230                merge
                0x004024cc                merge_sort
                0x00402564                tsk_b
                0x00402670                shell_sort
                0x004027f4                tsk_c
                0x004028f8                insertion_sort
                0x00402a0c                tsk_d
                0x00402b10                tsk_O
                0x00402b30                tsk_S
                0x00402b50                draw_E03_maingraph
                0x00402d60                draw_E03_priority
                0x00402f9c                tsk_control
                0x00403160                draw_E03_info
                0x00403234                bubble_sort
                0x004032c8                tsk_bs2
                0x004033d4                tsk_bs1
 .text          0x004034e0       0x18 lib/sysconf.o
                0x004034e0                sysconf
 .text          0x004034f8      0x398 lib/math.o
                0x004034f8                fabs
                0x0040350c                floor
                0x00403554                ceil
                0x004035b0                sin
                0x004035b8                cos
                0x004035c0                sqrt
                0x004035c8                log2
                0x004035d8                atan2
                0x004035e8                tan
                0x004035f4                cot
                0x00403600                pow
                0x00403670                exp
                0x004036b4                log
                0x004036c8                atan
 .text          0x00403890      0x18c lib/stdio.o
                0x00403890                printf
                0x004038e8                fprintf
                0x00403940                vprintf
                0x00403998                vfprintf
                0x004039ac                vsprintf
                0x004039d8                sprintf
                0x00403a04                fputc
 .text          0x00403a1c      0x694 lib/stdlib.o
                0x00403a1c                exit
                0x00403a24                ldiv
                0x00403a40                div
                0x00403a5c                rand_r
                0x00403afc                rand
                0x00403bb8                srand
                0x00403bc4                strtol
                0x00403de4                strtoul
                0x00404050                atol
                0x00404074                strdup
 .text          0x004040b0      0x840 lib/qsort.o
                0x004040b0                qsort
 .text          0x004048f0      0x224 ../lib/softfloat.o
                0x004048f0                __udivmoddi4
                0x004049a8                __divdi3
                0x00404a10                __moddi3
                0x00404a94                __udivdi3
                0x00404ac8                __umoddi3
 .text          0x00404b14      0x358 ../lib/string.o
                0x00404b14                memcmp
                0x00404b3c                memmove
                0x00404b8c                memchr
                0x00404bb4                strcat
                0x00404bd8                strcmp
                0x00404c04                strncmp
                0x00404c50                strchr
                0x00404c74                strrchr
                0x00404c98                strstr
                0x00404d38                strcpy
                0x00404d58                strlen
                0x00404d70                strncpy
                0x00404db4                strcasecmp
                0x00404dfc                strncasecmp
 .text          0x00404e6c      0x530 ../lib/memcpy.o
                0x00404e6c                memcpy
 .text          0x0040539c       0x9c ../lib/memset.o
                0x0040539c                memset
 .text          0x00405438     0x1680 ../lib/snprintf.o
                0x0040639c                vsnprintf
                0x00406a8c                snprintf
 .text          0x00406ab8       0xb8 lib/malloc.o
                0x00406ab8                malloc
                0x00406ad4                calloc
                0x00406b0c                memalign
                0x00406b30                realloc
                0x00406b54                free
 .text          0x00406b70      0x9b4 ../lib/tlsf/tlsf.o
                0x00406eec                tlsf_check
                0x00406ff0                tlsf_walk_pool
                0x0040705c                tlsf_block_size
                0x00407070                tlsf_check_pool
                0x004070a8                tlsf_size
                0x004070b0                tlsf_align_size
                0x004070b8                tlsf_block_size_min
                0x004070c0                tlsf_block_size_max
                0x004070c8                tlsf_pool_overhead
                0x004070d0                tlsf_alloc_overhead
                0x004070d8                tlsf_add_pool
                0x00407128                tlsf_remove_pool
                0x00407170                tlsf_create
                0x004071bc                tlsf_create_with_pool
                0x00407238                tlsf_destroy
                0x0040723c                tlsf_get_pool
                0x00407248                tlsf_malloc
                0x00407274                tlsf_memalign
                0x00407354                tlsf_free
                0x004073c8                tlsf_realloc
 *(SORT(.text$*))
 *(.text.*)
 .text.startup  0x00407524      0x16c main.o
                0x00407524                main
 *(.gnu.linkonce.t.*)
 *(.glue_7t)
 *(.glue_7)
                0x00407690                ___CTOR_LIST__ = .
                0x00407690                __CTOR_LIST__ = .
                0x00407690        0x4 LONG 0xffffffff
 *(.ctors)
 *(.ctor)
 *(SORT(.ctors.*))
                0x00407694        0x4 LONG 0x0
                0x00407698                ___DTOR_LIST__ = .
                0x00407698                __DTOR_LIST__ = .
                0x00407698        0x4 LONG 0xffffffff
 *(.dtors)
 *(.dtor)
 *(SORT(.dtors.*))
                0x0040769c        0x4 LONG 0x0
 *(.fini)
 *(.gcc_exc)
                0x004076a0                PROVIDE (etext, .)
 *(.gcc_except_table)

.data           0x00408000      0x200
                0x00408000                __data_start__ = .
 *(.data)
 .data          0x00408000        0x0 lib/crt0.o
 .data          0x00408000        0x0 lib/setjmp.o
 .data          0x00408000        0x0 lib/syscall-wrapper.o
 .data          0x00408000        0x0 vm86call.o
 .data          0x00408000        0x4 graphics.o
 .data          0x00408004       0x60 main.o
 .data          0x00408064        0x0 lib/sysconf.o
 .data          0x00408064        0x0 lib/math.o
 .data          0x00408064        0x0 lib/stdio.o
 .data          0x00408064        0x4 lib/stdlib.o
 .data          0x00408068        0x0 lib/qsort.o
 .data          0x00408068        0x0 ../lib/softfloat.o
 .data          0x00408068        0x0 ../lib/string.o
 .data          0x00408068        0x0 ../lib/memcpy.o
 .data          0x00408068        0x0 ../lib/memset.o
 .data          0x00408068        0x0 ../lib/snprintf.o
 .data          0x00408068        0x0 lib/malloc.o
 .data          0x00408068        0x0 ../lib/tlsf/tlsf.o
 *(.data2)
 *(SORT(.data$*))
 *(.jcr)
                0x00408068                __data_end__ = .
 *(.data_cygwin_nocopy)

.rdata          0x00409000      0xa00
 *(.rdata)
 .rdata         0x00409000       0x2c vm86call.o
 .rdata         0x0040902c      0x260 graphics.o
 .rdata         0x0040928c      0x154 main.o
 .rdata         0x004093e0       0xe0 lib/math.o
 .rdata         0x004094c0      0x100 ../lib/string.o
 .rdata         0x004095c0       0x20 ../lib/memcpy.o
 .rdata         0x004095e0      0x328 ../lib/snprintf.o
 *(SORT(.rdata$*))
                0x00409908                __rt_psrelocs_start = .
 *(.rdata_runtime_pseudo_reloc)
                0x00409908                __rt_psrelocs_end = .
                0x00000000                __rt_psrelocs_size = (__rt_psrelocs_end - __rt_psrelocs_start)
                0x00409908                ___RUNTIME_PSEUDO_RELOC_LIST_END__ = .
                0x00409908                __RUNTIME_PSEUDO_RELOC_LIST_END__ = .
                0x00409908                ___RUNTIME_PSEUDO_RELOC_LIST__ = (. - __rt_psrelocs_size)
                0x00409908                __RUNTIME_PSEUDO_RELOC_LIST__ = (. - __rt_psrelocs_size)

.eh_frame       0x0040a000     0x1800
 *(.eh_frame*)
 .eh_frame      0x0040a000       0x70 vm86call.o
 .eh_frame      0x0040a070      0x1d4 graphics.o
 .eh_frame      0x0040a244      0x4c8 main.o
 .eh_frame      0x0040a70c       0x2c lib/sysconf.o
 .eh_frame      0x0040a738      0x180 lib/math.o
 .eh_frame      0x0040a8b8      0x118 lib/stdio.o
 .eh_frame      0x0040a9d0      0x1bc lib/stdlib.o
 .eh_frame      0x0040ab8c       0x70 lib/qsort.o
 .eh_frame      0x0040abfc      0x108 ../lib/softfloat.o
 .eh_frame      0x0040ad04      0x268 ../lib/string.o
 .eh_frame      0x0040af6c       0x70 ../lib/memcpy.o
 .eh_frame      0x0040afdc       0x64 ../lib/memset.o
 .eh_frame      0x0040b040      0x130 ../lib/snprintf.o
 .eh_frame      0x0040b170       0xa4 lib/malloc.o
 .eh_frame      0x0040b214      0x4f4 ../lib/tlsf/tlsf.o

.pdata
 *(.pdata)

.bss            0x0040c000      0x344
                0x0040c000                __bss_start__ = .
 *(.bss)
 .bss           0x0040c000        0x0 lib/crt0.o
 .bss           0x0040c000        0x0 lib/setjmp.o
 .bss           0x0040c000        0x0 lib/syscall-wrapper.o
 .bss           0x0040c000        0x0 vm86call.o
 .bss           0x0040c000      0x340 graphics.o
                0x0040c000                g_graphic_dev
 .bss           0x0040c340        0x0 main.o
 .bss           0x0040c340        0x0 lib/sysconf.o
 .bss           0x0040c340        0x0 lib/math.o
 .bss           0x0040c340        0x0 lib/stdio.o
 .bss           0x0040c340        0x0 lib/stdlib.o
 .bss           0x0040c340        0x0 lib/qsort.o
 .bss           0x0040c340        0x0 ../lib/softfloat.o
 .bss           0x0040c340        0x0 ../lib/string.o
 .bss           0x0040c340        0x0 ../lib/memcpy.o
 .bss           0x0040c340        0x0 ../lib/memset.o
 .bss           0x0040c340        0x0 ../lib/snprintf.o
 .bss           0x0040c340        0x0 lib/malloc.o
 .bss           0x0040c340        0x0 ../lib/tlsf/tlsf.o
 *(COMMON)
 COMMON         0x0040c340        0x4 lib/malloc.o
                0x0040c340                g_heap
                0x0040c344                __bss_end__ = .

.edata
 *(.edata)

/DISCARD/
 *(.debug$S)
 *(.debug$T)
 *(.debug$F)
 *(.drectve)
 *(.note.GNU-stack)
 *(.gnu.lto_*)

.idata          0x0040d000      0x200
 SORT(*)(.idata$2)
 SORT(*)(.idata$3)
                0x0040d000        0x4 LONG 0x0
                0x0040d004        0x4 LONG 0x0
                0x0040d008        0x4 LONG 0x0
                0x0040d00c        0x4 LONG 0x0
                0x0040d010        0x4 LONG 0x0
 SORT(*)(.idata$4)
                0x0040d014                __IAT_start__ = .
 SORT(*)(.idata$5)
                0x0040d014                __IAT_end__ = .
 SORT(*)(.idata$6)
 SORT(*)(.idata$7)

.CRT            0x0040e000        0x0
                0x0040e000                ___crt_xc_start__ = .
 *(SORT(.CRT$XC*))
                0x0040e000                ___crt_xc_end__ = .
                0x0040e000                ___crt_xi_start__ = .
 *(SORT(.CRT$XI*))
                0x0040e000                ___crt_xi_end__ = .
                0x0040e000                ___crt_xl_start__ = .
 *(SORT(.CRT$XL*))
                0x0040e000                ___crt_xp_start__ = .
 *(SORT(.CRT$XP*))
                0x0040e000                ___crt_xp_end__ = .
                0x0040e000                ___crt_xt_start__ = .
 *(SORT(.CRT$XT*))
                0x0040e000                ___crt_xt_end__ = .

.tls            0x0040e000        0x0
                0x0040e000                ___tls_start__ = .
 *(.tls)
 *(.tls$)
 *(SORT(.tls$*))
                0x0040e000                ___tls_end__ = .

.endjunk        0x0040e000        0x0
                0x0040e000                PROVIDE (end, .)
                0x0040e000                PROVIDE (_end, .)
                0x0040e000                __end__ = .

.rsrc
 *(.rsrc)
 *(SORT(.rsrc$*))

.reloc
 *(.reloc)

.stab
 *(.stab)

.stabstr
 *(.stabstr)

.debug_aranges  0x0040e000      0x200
 *(.debug_aranges)
 .debug_aranges
                0x0040e000       0x20 vm86call.o
 .debug_aranges
                0x0040e020       0x20 graphics.o
 .debug_aranges
                0x0040e040       0x28 main.o
 .debug_aranges
                0x0040e068       0x20 lib/sysconf.o
 .debug_aranges
                0x0040e088       0x20 lib/math.o
 .debug_aranges
                0x0040e0a8       0x20 lib/stdio.o
 .debug_aranges
                0x0040e0c8       0x20 lib/stdlib.o
 .debug_aranges
                0x0040e0e8       0x20 lib/qsort.o
 .debug_aranges
                0x0040e108       0x20 ../lib/softfloat.o
 .debug_aranges
                0x0040e128       0x20 ../lib/string.o
 .debug_aranges
                0x0040e148       0x20 ../lib/memcpy.o
 .debug_aranges
                0x0040e168       0x20 ../lib/memset.o
 .debug_aranges
                0x0040e188       0x20 ../lib/snprintf.o
 .debug_aranges
                0x0040e1a8       0x20 lib/malloc.o
 .debug_aranges
                0x0040e1c8       0x20 ../lib/tlsf/tlsf.o

.debug_pubnames
 *(.debug_pubnames)

.debug_pubtypes
 *(.debug_pubtypes)

.debug_info     0x0040f000     0xac00
 *(.debug_info .gnu.linkonce.wi.*)
 .debug_info    0x0040f000      0x368 vm86call.o
 .debug_info    0x0040f368     0x1320 graphics.o
 .debug_info    0x00410688     0x2585 main.o
 .debug_info    0x00412c0d       0xa5 lib/sysconf.o
 .debug_info    0x00412cb2      0x5ee lib/math.o
 .debug_info    0x004132a0      0x567 lib/stdio.o
 .debug_info    0x00413807      0x814 lib/stdlib.o
 .debug_info    0x0041401b      0xe1d lib/qsort.o
 .debug_info    0x00414e38      0x370 ../lib/softfloat.o
 .debug_info    0x004151a8      0x6c1 ../lib/string.o
 .debug_info    0x00415869      0x2eb ../lib/memcpy.o
 .debug_info    0x00415b54      0x1a5 ../lib/memset.o
 .debug_info    0x00415cf9      0xeb9 ../lib/snprintf.o
 .debug_info    0x00416bb2      0x34f lib/malloc.o
 .debug_info    0x00416f01     0x2c92 ../lib/tlsf/tlsf.o

.debug_abbrev   0x0041a000     0x1a00
 *(.debug_abbrev)
 .debug_abbrev  0x0041a000      0x102 vm86call.o
 .debug_abbrev  0x0041a102      0x319 graphics.o
 .debug_abbrev  0x0041a41b      0x2e8 main.o
 .debug_abbrev  0x0041a703       0x4a lib/sysconf.o
 .debug_abbrev  0x0041a74d      0x19b lib/math.o
 .debug_abbrev  0x0041a8e8      0x169 lib/stdio.o
 .debug_abbrev  0x0041aa51      0x234 lib/stdlib.o
 .debug_abbrev  0x0041ac85      0x1c1 lib/qsort.o
 .debug_abbrev  0x0041ae46      0x131 ../lib/softfloat.o
 .debug_abbrev  0x0041af77      0x184 ../lib/string.o
 .debug_abbrev  0x0041b0fb       0xab ../lib/memcpy.o
 .debug_abbrev  0x0041b1a6       0x85 ../lib/memset.o
 .debug_abbrev  0x0041b22b      0x21d ../lib/snprintf.o
 .debug_abbrev  0x0041b448       0xf8 lib/malloc.o
 .debug_abbrev  0x0041b540      0x4b6 ../lib/tlsf/tlsf.o

.debug_line     0x0041c000     0x1e00
 *(.debug_line)
 .debug_line    0x0041c000       0xa3 vm86call.o
 .debug_line    0x0041c0a3      0x2cf graphics.o
 .debug_line    0x0041c372      0x49e main.o
 .debug_line    0x0041c810       0x3d lib/sysconf.o
 .debug_line    0x0041c84d       0xfc lib/math.o
 .debug_line    0x0041c949       0xd7 lib/stdio.o
 .debug_line    0x0041ca20      0x248 lib/stdlib.o
 .debug_line    0x0041cc68      0x229 lib/qsort.o
 .debug_line    0x0041ce91       0xac ../lib/softfloat.o
 .debug_line    0x0041cf3d      0x14e ../lib/string.o
 .debug_line    0x0041d08b      0x167 ../lib/memcpy.o
 .debug_line    0x0041d1f2       0xbf ../lib/memset.o
 .debug_line    0x0041d2b1      0x654 ../lib/snprintf.o
 .debug_line    0x0041d905       0xa1 lib/malloc.o
 .debug_line    0x0041d9a6      0x454 ../lib/tlsf/tlsf.o

.debug_frame
 *(.debug_frame*)

.debug_str      0x0041e000      0x200
 *(.debug_str)
 .debug_str     0x0041e000       0x5a graphics.o
 .debug_str     0x0041e05a       0x5b main.o
 .debug_str     0x0041e0b5        0x5 lib/stdio.o
 .debug_str     0x0041e0ba        0x9 lib/qsort.o
 .debug_str     0x0041e0c3       0x17 ../lib/memcpy.o
 .debug_str     0x0041e0da       0x53 ../lib/snprintf.o
 .debug_str     0x0041e12d        0x6 lib/malloc.o
 .debug_str     0x0041e133       0x6e ../lib/tlsf/tlsf.o

.debug_loc      0x0041f000     0xbe00
 *(.debug_loc)
 .debug_loc     0x0041f000      0x230 vm86call.o
 .debug_loc     0x0041f230      0xa06 graphics.o
 .debug_loc     0x0041fc36     0x191e main.o
 .debug_loc     0x00421554      0x49b lib/math.o
 .debug_loc     0x004219ef      0x338 lib/stdio.o
 .debug_loc     0x00421d27      0xdf1 lib/stdlib.o
 .debug_loc     0x00422b18     0x16cc lib/qsort.o
 .debug_loc     0x004241e4      0x514 ../lib/softfloat.o
 .debug_loc     0x004246f8      0xc06 ../lib/string.o
 .debug_loc     0x004252fe      0x979 ../lib/memcpy.o
 .debug_loc     0x00425c77      0x23e ../lib/memset.o
 .debug_loc     0x00425eb5     0x2b75 ../lib/snprintf.o
 .debug_loc     0x00428a2a      0x135 lib/malloc.o
 .debug_loc     0x00428b5f     0x21a0 ../lib/tlsf/tlsf.o

.debug_macinfo
 *(.debug_macinfo)

.debug_weaknames
 *(.debug_weaknames)

.debug_funcnames
 *(.debug_funcnames)

.debug_typenames
 *(.debug_typenames)

.debug_varnames
 *(.debug_varnames)

.debug_macro
 *(.debug_macro)

.debug_ranges   0x0042b000      0xa00
 *(.debug_ranges)
 .debug_ranges  0x0042b000       0xd8 graphics.o
 .debug_ranges  0x0042b0d8       0xe8 main.o
 .debug_ranges  0x0042b1c0       0x38 lib/math.o
 .debug_ranges  0x0042b1f8       0xb0 lib/stdlib.o
 .debug_ranges  0x0042b2a8      0x298 lib/qsort.o
 .debug_ranges  0x0042b540       0x30 ../lib/softfloat.o
 .debug_ranges  0x0042b570       0x40 ../lib/string.o
 .debug_ranges  0x0042b5b0       0x48 ../lib/memcpy.o
 .debug_ranges  0x0042b5f8      0x1b0 ../lib/snprintf.o
 .debug_ranges  0x0042b7a8      0x1d8 ../lib/tlsf/tlsf.o

.debug_types
 *(.debug_types .gnu.linkonce.wt.*)
OUTPUT(a.out pei-i386)
